 SpeedTreeRenderer_DirectX9_v7.1

 Timestamp is 594c310f (Thu Jun 22 23:05:19 2017)

 Preferred load address is 10000000

 Start         Length     Name                   Class
 0001:00000000 0002a1f6H .text                   CODE
 0001:0002a200 000016a6H .text$x                 CODE
 0001:0002b8b0 00000f15H .text$yc                CODE
 0001:0002c7d0 0000003bH .text$yd                CODE
 0002:00000000 00000174H .idata$5                DATA
 0002:00000174 00000004H .CRT$XCA                DATA
 0002:00000178 00000140H .CRT$XCU                DATA
 0002:000002b8 00000004H .CRT$XCZ                DATA
 0002:000002bc 00000004H .CRT$XIA                DATA
 0002:000002c0 00000004H .CRT$XIAA               DATA
 0002:000002c4 00000004H .CRT$XIC                DATA
 0002:000002c8 00000004H .CRT$XIZ                DATA
 0002:000002d0 00003100H .rdata                  DATA
 0002:000033d0 0000008eH .rdata$debug            DATA
 0002:00003460 00000cc0H .rdata$r                DATA
 0002:00004120 00000190H .rdata$sxdata           DATA
 0002:000042b0 00000004H .rtc$IAA                DATA
 0002:000042b4 00000004H .rtc$IZZ                DATA
 0002:000042b8 00000004H .rtc$TAA                DATA
 0002:000042bc 00000004H .rtc$TZZ                DATA
 0002:000042c0 000013e4H .xdata$x                DATA
 0002:000056a4 00000064H .idata$2                DATA
 0002:00005708 00000014H .idata$3                DATA
 0002:0000571c 00000174H .idata$4                DATA
 0002:00005890 00000ad0H .idata$6                DATA
 0002:00006360 000149d5H .edata                  DATA
 0003:00000000 00000c80H .data                   DATA
 0003:00000c80 0000182cH .bss                    DATA

  Address         Publics by Value              Rva+Base       Lib:Object

 0000:00000000       __except_list              00000000     <absolute>
 0000:00000064       ___safe_se_handler_count   00000064     <absolute>
 0000:00009876       __ldused                   00009876     <absolute>
 0000:00009876       __fltused                  00009876     <absolute>
 0000:00000000       ___ImageBase               10000000     <linker-defined>
 0001:00000000       ??4st_float16@SpeedTree@@QAEAAV01@ABV01@@Z 10001000 f i DirectX9Renderer.obj
 0001:00000020       ??0st_float16@SpeedTree@@QAE@XZ 10001020 f i DirectX9Renderer.obj
 0001:00000050       ??0st_float16@SpeedTree@@QAE@M@Z 10001050 f i DirectX9Renderer.obj
 0001:00000140       ??0st_float16@SpeedTree@@QAE@ABV01@@Z 10001140 f i DirectX9Renderer.obj
 0001:00000160       ??Bst_float16@SpeedTree@@QBEMXZ 10001160 f i DirectX9Renderer.obj
 0001:00000240       ??1CFileSystem@SpeedTree@@UAE@XZ 10001240 f i DirectX9Renderer.obj
 0001:00000260       ?CleanPlatformFilename@CFileSystem@SpeedTree@@SA?AV?$CBasicFixedString@$0BAA@@2@ABV32@@Z 10001260 f i DirectX9Renderer.obj
 0001:00000290       ??0CFileSystem@SpeedTree@@QAE@XZ 10001290 f i DirectX9Renderer.obj
 0001:000002b0       ??0CFileSystem@SpeedTree@@QAE@ABV01@@Z 100012b0 f i DirectX9Renderer.obj
 0001:000002d0       ??4CFileSystem@SpeedTree@@QAEAAV01@ABV01@@Z 100012d0 f i DirectX9Renderer.obj
 0001:000002e0       ??_GCFileSystem@SpeedTree@@UAEPAXI@Z 100012e0 f i DirectX9Renderer.obj
 0001:00000310       ??_ECFileSystem@SpeedTree@@UAEPAXI@Z 10001310 f i DirectX9Renderer.obj
 0001:00000380       ??_G?$CBasicFixedString@$0BAA@@SpeedTree@@UAEPAXI@Z 10001380 f i DirectX9Renderer.obj
 0001:000003b0       ??_E?$CBasicFixedString@$0BAA@@SpeedTree@@UAEPAXI@Z 100013b0 f i DirectX9Renderer.obj
 0001:00000420       ??4Vec2@SpeedTree@@QAEAAV01@ABV01@@Z 10001420 f i DirectX9Renderer.obj
 0001:00000440       ??4Vec3@SpeedTree@@QAEAAV01@ABV01@@Z 10001440 f i DirectX9Renderer.obj
 0001:00000470       ??4Vec4@SpeedTree@@QAEAAV01@ABV01@@Z 10001470 f i DirectX9Renderer.obj
 0001:000004a0       ??0Vec2@SpeedTree@@QAE@XZ  100014a0 f i DirectX9Renderer.obj
 0001:000004c0       ??0Vec2@SpeedTree@@QAE@MM@Z 100014c0 f i DirectX9Renderer.obj
 0001:000004f0       ??0Vec2@SpeedTree@@QAE@QBM@Z 100014f0 f i DirectX9Renderer.obj
 0001:00000520       ??HVec2@SpeedTree@@QBE?AV01@ABV01@@Z 10001520 f i DirectX9Renderer.obj
 0001:00000560       ??YVec2@SpeedTree@@QAE?AV01@ABV01@@Z 10001560 f i DirectX9Renderer.obj
 0001:000005b0       ??8Vec2@SpeedTree@@QBE_NABV01@@Z 100015b0 f i DirectX9Renderer.obj
 0001:00000600       ?Set@Vec2@SpeedTree@@QAEXMM@Z 10001600 f i DirectX9Renderer.obj
 0001:00000620       ?Distance@Vec2@SpeedTree@@QBEMABV12@@Z 10001620 f i DirectX9Renderer.obj
 0001:00000680       ??0Vec3@SpeedTree@@QAE@XZ  10001680 f i DirectX9Renderer.obj
 0001:000006b0       ??0Vec3@SpeedTree@@QAE@MMM@Z 100016b0 f i DirectX9Renderer.obj
 0001:000006e0       ??0Vec3@SpeedTree@@QAE@MM@Z 100016e0 f i DirectX9Renderer.obj
 0001:00000710       ??0Vec3@SpeedTree@@QAE@QBM@Z 10001710 f i DirectX9Renderer.obj
 0001:00000750       ??AVec3@SpeedTree@@QAEAAMH@Z 10001750 f i DirectX9Renderer.obj
 0001:00000770       ??BVec3@SpeedTree@@QAEPAMXZ 10001770 f i DirectX9Renderer.obj
 0001:00000780       ??BVec3@SpeedTree@@QBEPBMXZ 10001780 f i DirectX9Renderer.obj
 0001:00000790       ??MVec3@SpeedTree@@QBE_NABV01@@Z 10001790 f i DirectX9Renderer.obj
 0001:00000850       ??8Vec3@SpeedTree@@QBE_NABV01@@Z 10001850 f i DirectX9Renderer.obj
 0001:000008b0       ??9Vec3@SpeedTree@@QBE_NABV01@@Z 100018b0 f i DirectX9Renderer.obj
 0001:00000910       ??GVec3@SpeedTree@@QBE?AV01@ABV01@@Z 10001910 f i DirectX9Renderer.obj
 0001:00000970       ??HVec3@SpeedTree@@QBE?AV01@ABV01@@Z 10001970 f i DirectX9Renderer.obj
 0001:000009d0       ??YVec3@SpeedTree@@QAE?AV01@ABV01@@Z 100019d0 f i DirectX9Renderer.obj
 0001:00000a30       ??DVec3@SpeedTree@@QBE?AV01@ABV01@@Z 10001a30 f i DirectX9Renderer.obj
 0001:00000a90       ??XVec3@SpeedTree@@QAE?AV01@ABV01@@Z 10001a90 f i DirectX9Renderer.obj
 0001:00000af0       ??KVec3@SpeedTree@@QBE?AV01@ABV01@@Z 10001af0 f i DirectX9Renderer.obj
 0001:00000b50       ??_0Vec3@SpeedTree@@QAE?AV01@ABV01@@Z 10001b50 f i DirectX9Renderer.obj
 0001:00000bb0       ??DVec3@SpeedTree@@QBE?AV01@M@Z 10001bb0 f i DirectX9Renderer.obj
 0001:00000c00       ??XVec3@SpeedTree@@QAE?AV01@M@Z 10001c00 f i DirectX9Renderer.obj
 0001:00000c60       ??KVec3@SpeedTree@@QBE?AV01@M@Z 10001c60 f i DirectX9Renderer.obj
 0001:00000cb0       ??_0Vec3@SpeedTree@@QAE?AV01@M@Z 10001cb0 f i DirectX9Renderer.obj
 0001:00000d10       ??GVec3@SpeedTree@@QBE?AV01@XZ 10001d10 f i DirectX9Renderer.obj
 0001:00000d60       ?Set@Vec3@SpeedTree@@QAEXMMM@Z 10001d60 f i DirectX9Renderer.obj
 0001:00000d90       ?Set@Vec3@SpeedTree@@QAEXMM@Z 10001d90 f i DirectX9Renderer.obj
 0001:00000dc0       ?Set@Vec3@SpeedTree@@QAEXQBM@Z 10001dc0 f i DirectX9Renderer.obj
 0001:00000df0       ?Cross@Vec3@SpeedTree@@QBE?AV12@ABV12@@Z 10001df0 f i DirectX9Renderer.obj
 0001:00000e70       ?Distance@Vec3@SpeedTree@@QBEMABV12@@Z 10001e70 f i DirectX9Renderer.obj
 0001:00000ec0       ?DistanceSquared@Vec3@SpeedTree@@QBEMABV12@@Z 10001ec0 f i DirectX9Renderer.obj
 0001:00000ef0       ?Dot@Vec3@SpeedTree@@QBEMABV12@@Z 10001ef0 f i DirectX9Renderer.obj
 0001:00000f30       ?Magnitude@Vec3@SpeedTree@@QBEMXZ 10001f30 f i DirectX9Renderer.obj
 0001:00000f60       ?MagnitudeSquared@Vec3@SpeedTree@@QBEMXZ 10001f60 f i DirectX9Renderer.obj
 0001:00000fa0       ?Normalize@Vec3@SpeedTree@@QAE?AV12@XZ 10001fa0 f i DirectX9Renderer.obj
 0001:00001020       ?Scale@Vec3@SpeedTree@@QAEXM@Z 10002020 f i DirectX9Renderer.obj
 0001:00001060       ??0Vec4@SpeedTree@@QAE@XZ  10002060 f i DirectX9Renderer.obj
 0001:00001090       ??0Vec4@SpeedTree@@QAE@MMMM@Z 10002090 f i DirectX9Renderer.obj
 0001:000010d0       ??0Vec4@SpeedTree@@QAE@MMM@Z 100020d0 f i DirectX9Renderer.obj
 0001:00001110       ??0Vec4@SpeedTree@@QAE@MM@Z 10002110 f i DirectX9Renderer.obj
 0001:00001150       ??0Vec4@SpeedTree@@QAE@ABVVec3@1@M@Z 10002150 f i DirectX9Renderer.obj
 0001:00001190       ??0Vec4@SpeedTree@@QAE@QBM@Z 10002190 f i DirectX9Renderer.obj
 0001:000011d0       ??AVec4@SpeedTree@@QAEAAMH@Z 100021d0 f i DirectX9Renderer.obj
 0001:000011f0       ??BVec4@SpeedTree@@QAEPAMXZ 100021f0 f i DirectX9Renderer.obj
 0001:00001200       ??BVec4@SpeedTree@@QBEPBMXZ 10002200 f i DirectX9Renderer.obj
 0001:00001210       ??8Vec4@SpeedTree@@QBE_NABV01@@Z 10002210 f i DirectX9Renderer.obj
 0001:00001290       ??9Vec4@SpeedTree@@QBE_NABV01@@Z 10002290 f i DirectX9Renderer.obj
 0001:00001310       ??DVec4@SpeedTree@@QBE?AV01@ABV01@@Z 10002310 f i DirectX9Renderer.obj
 0001:00001380       ??DVec4@SpeedTree@@QBE?AV01@M@Z 10002380 f i DirectX9Renderer.obj
 0001:000013f0       ??XVec4@SpeedTree@@QAE?AV01@M@Z 100023f0 f i DirectX9Renderer.obj
 0001:00001460       ??KVec4@SpeedTree@@QBE?AV01@M@Z 10002460 f i DirectX9Renderer.obj
 0001:000014d0       ??_0Vec4@SpeedTree@@QAE?AV01@M@Z 100024d0 f i DirectX9Renderer.obj
 0001:00001540       ??HVec4@SpeedTree@@QBE?AV01@ABV01@@Z 10002540 f i DirectX9Renderer.obj
 0001:000015b0       ?Set@Vec4@SpeedTree@@QAEXMMMM@Z 100025b0 f i DirectX9Renderer.obj
 0001:000015e0       ?Set@Vec4@SpeedTree@@QAEXMMM@Z 100025e0 f i DirectX9Renderer.obj
 0001:00001610       ?Set@Vec4@SpeedTree@@QAEXMM@Z 10002610 f i DirectX9Renderer.obj
 0001:00001630       ?Set@Vec4@SpeedTree@@QAEXQBM@Z 10002630 f i DirectX9Renderer.obj
 0001:00001670       ??4Mat3x3@SpeedTree@@QAEAAV01@ABV01@@Z 10002670 f i DirectX9Renderer.obj
 0001:000016a0       ??_FMat3x3@SpeedTree@@QAEXXZ 100026a0 f i DirectX9Renderer.obj
 0001:000016e0       ??_FMat4x4@SpeedTree@@QAEXXZ 100026e0 f i DirectX9Renderer.obj
 0001:00001730       ??0Mat3x3@SpeedTree@@QAE@_N@Z 10002730 f i DirectX9Renderer.obj
 0001:00001770       ??0Mat3x3@SpeedTree@@QAE@QBM@Z 10002770 f i DirectX9Renderer.obj
 0001:000017a0       ??0Mat3x3@SpeedTree@@QAE@ABVVec3@1@00@Z 100027a0 f i DirectX9Renderer.obj
 0001:00001820       ??BMat3x3@SpeedTree@@QAEPAMXZ 10002820 f i DirectX9Renderer.obj
 0001:00001830       ??BMat3x3@SpeedTree@@QBEPBMXZ 10002830 f i DirectX9Renderer.obj
 0001:00001840       ??DMat3x3@SpeedTree@@QBE?AV01@ABV01@@Z 10002840 f i DirectX9Renderer.obj
 0001:00001990       ??DMat3x3@SpeedTree@@QBE?AVVec3@1@ABV21@@Z 10002990 f i DirectX9Renderer.obj
 0001:00001a40       ??8Mat3x3@SpeedTree@@QBE_NABV01@@Z 10002a40 f i DirectX9Renderer.obj
 0001:00001a70       ??9Mat3x3@SpeedTree@@QBE_NABV01@@Z 10002a70 f i DirectX9Renderer.obj
 0001:00001aa0       ?SetIdentity@Mat3x3@SpeedTree@@QAEXXZ 10002aa0 f i DirectX9Renderer.obj
 0001:00001ae0       ?Set@Mat3x3@SpeedTree@@QAEXQBM@Z 10002ae0 f i DirectX9Renderer.obj
 0001:00001b00       ?RotateX@Mat3x3@SpeedTree@@QAEXM@Z 10002b00 f i DirectX9Renderer.obj
 0001:00001bb0       ?RotateY@Mat3x3@SpeedTree@@QAEXM@Z 10002bb0 f i DirectX9Renderer.obj
 0001:00001c60       ?RotateZ@Mat3x3@SpeedTree@@QAEXM@Z 10002c60 f i DirectX9Renderer.obj
 0001:00001d10       ?RotateArbitrary@Mat3x3@SpeedTree@@QAEXABVVec3@2@M@Z 10002d10 f i DirectX9Renderer.obj
 0001:00001ed0       ?Scale@Mat3x3@SpeedTree@@QAEXMMM@Z 10002ed0 f i DirectX9Renderer.obj
 0001:00001f70       ?Scale@Mat3x3@SpeedTree@@QAEXABVVec3@2@@Z 10002f70 f i DirectX9Renderer.obj
 0001:00001fb0       ??0Mat4x4@SpeedTree@@QAE@_N@Z 10002fb0 f i DirectX9Renderer.obj
 0001:00002000       ??0Mat4x4@SpeedTree@@QAE@QBM@Z 10003000 f i DirectX9Renderer.obj
 0001:00002030       ??0Mat4x4@SpeedTree@@QAE@MMMMMMMMMMMMMMMM@Z 10003030 f i DirectX9Renderer.obj
 0001:00002150       ??BMat4x4@SpeedTree@@QAEPAMXZ 10003150 f i DirectX9Renderer.obj
 0001:00002160       ??BMat4x4@SpeedTree@@QBEPBMXZ 10003160 f i DirectX9Renderer.obj
 0001:00002170       ??DMat4x4@SpeedTree@@QBE?AV01@ABV01@@Z 10003170 f i DirectX9Renderer.obj
 0001:00002370       ??XMat4x4@SpeedTree@@QAE?AV01@ABV01@@Z 10003370 f i DirectX9Renderer.obj
 0001:00002530       ??DMat4x4@SpeedTree@@QBE?AVVec3@1@ABV21@@Z 10003530 f i DirectX9Renderer.obj
 0001:00002600       ??DMat4x4@SpeedTree@@QBE?AVVec4@1@ABV21@@Z 10003600 f i DirectX9Renderer.obj
 0001:00002720       ??8Mat4x4@SpeedTree@@QBE_NABV01@@Z 10003720 f i DirectX9Renderer.obj
 0001:00002750       ??9Mat4x4@SpeedTree@@QBE_NABV01@@Z 10003750 f i DirectX9Renderer.obj
 0001:00002780       ??4Mat4x4@SpeedTree@@QAEAAV01@ABV01@@Z 10003780 f i DirectX9Renderer.obj
 0001:000027b0       ?SetIdentity@Mat4x4@SpeedTree@@QAEXXZ 100037b0 f i DirectX9Renderer.obj
 0001:000027f0       ?Set@Mat4x4@SpeedTree@@QAEXQBM@Z 100037f0 f i DirectX9Renderer.obj
 0001:00002810       ?Set@Mat4x4@SpeedTree@@QAEXMMMMMMMMMMMMMMMM@Z 10003810 f i DirectX9Renderer.obj
 0001:00002930       ?GetVectorComponents@Mat4x4@SpeedTree@@QAEXAAVVec3@2@00@Z 10003930 f i DirectX9Renderer.obj
 0001:000029e0       ?Invert@Mat4x4@SpeedTree@@QBE_NAAV12@@Z 100039e0 f i DirectX9Renderer.obj
 0001:00002f40       ?Multiply4f@Mat4x4@SpeedTree@@QBEXQBMQAM@Z 10003f40 f i DirectX9Renderer.obj
 0001:00003040       ?RotateX@Mat4x4@SpeedTree@@QAEXM@Z 10004040 f i DirectX9Renderer.obj
 0001:00003110       ?RotateY@Mat4x4@SpeedTree@@QAEXM@Z 10004110 f i DirectX9Renderer.obj
 0001:000031e0       ?RotateZ@Mat4x4@SpeedTree@@QAEXM@Z 100041e0 f i DirectX9Renderer.obj
 0001:000032b0       ?RotateArbitrary@Mat4x4@SpeedTree@@QAEXABVVec3@2@M@Z 100042b0 f i DirectX9Renderer.obj
 0001:00003480       ?Scale@Mat4x4@SpeedTree@@QAEXMMM@Z 10004480 f i DirectX9Renderer.obj
 0001:00003510       ?Scale@Mat4x4@SpeedTree@@QAEXABVVec3@2@@Z 10004510 f i DirectX9Renderer.obj
 0001:00003550       ?Translate@Mat4x4@SpeedTree@@QAEXMMM@Z 10004550 f i DirectX9Renderer.obj
 0001:000035e0       ?Translate@Mat4x4@SpeedTree@@QAEXABVVec3@2@@Z 100045e0 f i DirectX9Renderer.obj
 0001:00003620       ?Transpose@Mat4x4@SpeedTree@@QBE?AV12@XZ 10004620 f i DirectX9Renderer.obj
 0001:00003750       ?LookAt@Mat4x4@SpeedTree@@QAEXABVVec3@2@00@Z 10004750 f i DirectX9Renderer.obj
 0001:00003910       ?Ortho@Mat4x4@SpeedTree@@QAEXMMMMMM_N@Z 10004910 f i DirectX9Renderer.obj
 0001:00003a60       ?Frustum@Mat4x4@SpeedTree@@QAEXMMMMMM@Z 10004a60 f i DirectX9Renderer.obj
 0001:00003b80       ?Perspective@Mat4x4@SpeedTree@@QAEXMMMM@Z 10004b80 f i DirectX9Renderer.obj
 0001:00003c80       ?AdjustPerspectiveNearAndFar@Mat4x4@SpeedTree@@QAEXMM@Z 10004c80 f i DirectX9Renderer.obj
 0001:00003cc0       ??1CCoordSysBase@SpeedTree@@UAE@XZ 10004cc0 f i DirectX9Renderer.obj
 0001:00003ce0       ?ConvertToStd@CCoordSysBase@SpeedTree@@QBE?AVVec3@2@QBM@Z 10004ce0 f i DirectX9Renderer.obj
 0001:00003d20       ?ConvertFromStd@CCoordSysBase@SpeedTree@@QBE?AVVec3@2@QBM@Z 10004d20 f i DirectX9Renderer.obj
 0001:00003d60       ??0CCoordSysBase@SpeedTree@@QAE@XZ 10004d60 f i DirectX9Renderer.obj
 0001:00003d80       ??0CCoordSysBase@SpeedTree@@QAE@ABV01@@Z 10004d80 f i DirectX9Renderer.obj
 0001:00003da0       ??4CCoordSysBase@SpeedTree@@QAEAAV01@ABV01@@Z 10004da0 f i DirectX9Renderer.obj
 0001:00003db0       ??_GCCoordSysBase@SpeedTree@@UAEPAXI@Z 10004db0 f i DirectX9Renderer.obj
 0001:00003de0       ??_ECCoordSysBase@SpeedTree@@UAEPAXI@Z 10004de0 f i DirectX9Renderer.obj
 0001:00003e50       ??4CCoordSys@SpeedTree@@QAEAAV01@ABV01@@Z 10004e50 f i DirectX9Renderer.obj
 0001:00003e60       ??4CExtents@SpeedTree@@QAEAAV01@ABV01@@Z 10004e60 f i DirectX9Renderer.obj
 0001:00003ea0       ??0CExtents@SpeedTree@@QAE@XZ 10004ea0 f i DirectX9Renderer.obj
 0001:00003f40       ??0CExtents@SpeedTree@@QAE@QBM@Z 10004f40 f i DirectX9Renderer.obj
 0001:00003fb0       ??0CExtents@SpeedTree@@QAE@ABVVec3@1@0@Z 10004fb0 f i DirectX9Renderer.obj
 0001:00003ff0       ??1CExtents@SpeedTree@@QAE@XZ 10004ff0 f i DirectX9Renderer.obj
 0001:00004000       ?Reset@CExtents@SpeedTree@@QAEXXZ 10005000 f i DirectX9Renderer.obj
 0001:00004060       ?SetToZeros@CExtents@SpeedTree@@QAEXXZ 10005060 f i DirectX9Renderer.obj
 0001:000040b0       ?Order@CExtents@SpeedTree@@QAEXXZ 100050b0 f i DirectX9Renderer.obj
 0001:00004160       ?Valid@CExtents@SpeedTree@@QBE_NXZ 10005160 f i DirectX9Renderer.obj
 0001:00004200       ?ExpandAround@CExtents@SpeedTree@@QAEXQBM@Z 10005200 f i DirectX9Renderer.obj
 0001:00004340       ?ExpandAround@CExtents@SpeedTree@@QAEXABVVec3@2@@Z 10005340 f i DirectX9Renderer.obj
 0001:00004480       ?ExpandAround@CExtents@SpeedTree@@QAEXABVVec3@2@M@Z 10005480 f i DirectX9Renderer.obj
 0001:00004690       ?ExpandAround@CExtents@SpeedTree@@QAEXABV12@@Z 10005690 f i DirectX9Renderer.obj
 0001:00004850       ?Scale@CExtents@SpeedTree@@QAEXM@Z 10005850 f i DirectX9Renderer.obj
 0001:00004890       ?Translate@CExtents@SpeedTree@@QAEXABVVec3@2@@Z 10005890 f i DirectX9Renderer.obj
 0001:000048d0       ?Orient@CExtents@SpeedTree@@QAEXABVVec3@2@0@Z 100058d0 f i DirectX9Renderer.obj
 0001:00004d80       ?Rotate@CExtents@SpeedTree@@QAEXM@Z 10005d80 f i DirectX9Renderer.obj
 0001:00004f50       ?ComputeRadiusFromCenter3D@CExtents@SpeedTree@@QBEMXZ 10005f50 f i DirectX9Renderer.obj
 0001:00004fa0       ?ComputeRadiusSquaredFromCenter3D@CExtents@SpeedTree@@QBEMXZ 10005fa0 f i DirectX9Renderer.obj
 0001:00004ff0       ?ComputeRadiusFromCenter2D@CExtents@SpeedTree@@QBEMXZ 10005ff0 f i DirectX9Renderer.obj
 0001:00005060       ?Min@CExtents@SpeedTree@@QBEABVVec3@2@XZ 10006060 f i DirectX9Renderer.obj
 0001:00005070       ?Max@CExtents@SpeedTree@@QBEABVVec3@2@XZ 10006070 f i DirectX9Renderer.obj
 0001:00005090       ?Midpoint@CExtents@SpeedTree@@QBEMI@Z 10006090 f i DirectX9Renderer.obj
 0001:000050e0       ?GetCenter@CExtents@SpeedTree@@QBE?AVVec3@2@XZ 100060e0 f i DirectX9Renderer.obj
 0001:00005120       ?GetDiagonal@CExtents@SpeedTree@@QBE?AVVec3@2@XZ 10006120 f i DirectX9Renderer.obj
 0001:00005170       ?GetHeight@CExtents@SpeedTree@@QBEMXZ 10006170 f i DirectX9Renderer.obj
 0001:00005190       ??BCExtents@SpeedTree@@QAEPAMXZ 10006190 f i DirectX9Renderer.obj
 0001:000051a0       ??BCExtents@SpeedTree@@QBEPBMXZ 100061a0 f i DirectX9Renderer.obj
 0001:000051b0       ??1CAllocator@SpeedTree@@UAE@XZ 100061b0 f i DirectX9Renderer.obj
 0001:000051d0       ??0CAllocator@SpeedTree@@QAE@XZ 100061d0 f i DirectX9Renderer.obj
 0001:000051f0       ??0CAllocator@SpeedTree@@QAE@ABV01@@Z 100061f0 f i DirectX9Renderer.obj
 0001:00005210       ??4CAllocator@SpeedTree@@QAEAAV01@ABV01@@Z 10006210 f i DirectX9Renderer.obj
 0001:00005220       ??_GCAllocator@SpeedTree@@UAEPAXI@Z 10006220 f i DirectX9Renderer.obj
 0001:00005250       ??_ECAllocator@SpeedTree@@UAEPAXI@Z 10006250 f i DirectX9Renderer.obj
 0001:000052c0       ??4CHeapSystem@SpeedTree@@QAEAAV01@ABV01@@Z 100062c0 f i DirectX9Renderer.obj
 0001:000052d0       ??4SBranchWindLevel@CWind@SpeedTree@@QAEAAU012@ABU012@@Z 100062d0 f i DirectX9Renderer.obj
 0001:00005300       ??4SWindGroup@CWind@SpeedTree@@QAEAAU012@ABU012@@Z 10006300 f i DirectX9Renderer.obj
 0001:00005330       ??0SParams@CWind@SpeedTree@@QAE@ABU012@@Z 10006330 f i DirectX9Renderer.obj
 0001:000055b0       ??4SParams@CWind@SpeedTree@@QAEAAU012@ABU012@@Z 100065b0 f i DirectX9Renderer.obj
 0001:000055e0       ??0CWind@SpeedTree@@QAE@ABV01@@Z 100065e0 f i DirectX9Renderer.obj
 0001:00005870       ??4CWind@SpeedTree@@QAEAAV01@ABV01@@Z 10006870 f i DirectX9Renderer.obj
 0001:000058a0       ?SetParams@CWind@SpeedTree@@QAEXABUSParams@12@@Z 100068a0 f i DirectX9Renderer.obj
 0001:000058c0       ?GetParams@CWind@SpeedTree@@QBEABUSParams@12@XZ 100068c0 f i DirectX9Renderer.obj
 0001:000058d0       ?EnableGusting@CWind@SpeedTree@@QAEX_N@Z 100068d0 f i DirectX9Renderer.obj
 0001:000058f0       ?SetGustFrequency@CWind@SpeedTree@@QAEXM@Z 100068f0 f i DirectX9Renderer.obj
 0001:00005910       ?SetTreeValues@CWind@SpeedTree@@QAEXABVVec3@2@M@Z 10006910 f i DirectX9Renderer.obj
 0001:00005960       ?GetBranchAnchor@CWind@SpeedTree@@QBEPBMXZ 10006960 f i DirectX9Renderer.obj
 0001:00005980       ?GetMaxBranchLength@CWind@SpeedTree@@QBEMXZ 10006980 f i DirectX9Renderer.obj
 0001:000059a0       ?Normalize@CWind@SpeedTree@@IAEXPAM@Z 100069a0 f i DirectX9Renderer.obj
 0001:00005a50       ?SetOption@CWind@SpeedTree@@QAEXW4EOptions@12@_N@Z 10006a50 f i DirectX9Renderer.obj
 0001:00005a70       ?IsOptionEnabled@CWind@SpeedTree@@QBE_NW4EOptions@12@@Z 10006a70 f i DirectX9Renderer.obj
 0001:00005a90       ?IsGlobalWindEnabled@CWind@SpeedTree@@QBE_NXZ 10006a90 f i DirectX9Renderer.obj
 0001:00005ae0       ?IsBranchWindEnabled@CWind@SpeedTree@@QBE_NXZ 10006ae0 f i DirectX9Renderer.obj
 0001:00005b30       ?GetShaderTable@CWind@SpeedTree@@QBEPBMXZ 10006b30 f i DirectX9Renderer.obj
 0001:00005b50       ??4?$Enumeration@W4EVertexFormatUntyped@SpeedTree@@D@SpeedTree@@QAEAAU01@ABU01@@Z 10006b50 f i DirectX9Renderer.obj
 0001:00005b70       ??4?$Enumeration@W4EVertexPropertyUntyped@SpeedTree@@D@SpeedTree@@QAEAAU01@ABU01@@Z 10006b70 f i DirectX9Renderer.obj
 0001:00005b90       ??4?$Enumeration@W4EVertexComponentUntyped@SpeedTree@@D@SpeedTree@@QAEAAU01@ABU01@@Z 10006b90 f i DirectX9Renderer.obj
 0001:00005bb0       ??4SAttribute@SVertexDecl@SpeedTree@@QAEAAU012@ABU012@@Z 10006bb0 f i DirectX9Renderer.obj
 0001:00005be0       ??4?$Enumeration@W4EVertexAttributeUntyped@SpeedTree@@D@SpeedTree@@QAEAAU01@ABU01@@Z 10006be0 f i DirectX9Renderer.obj
 0001:00005c00       ??4SProperty@SVertexDecl@SpeedTree@@QAEAAU012@ABU012@@Z 10006c00 f i DirectX9Renderer.obj
 0001:00005c30       ??0SPropertyComponent@SAttribDesc@SVertexDecl@SpeedTree@@QAE@XZ 10006c30 f i DirectX9Renderer.obj
 0001:00005c60       ??4SPropertyComponent@SAttribDesc@SVertexDecl@SpeedTree@@QAEAAU0123@ABU0123@@Z 10006c60 f i DirectX9Renderer.obj
 0001:00005c80       ??0SAttribDesc@SVertexDecl@SpeedTree@@QAE@XZ 10006c80 f i DirectX9Renderer.obj
 0001:00005cf0       ??4SAttribDesc@SVertexDecl@SpeedTree@@QAEAAU012@ABU012@@Z 10006cf0 f i DirectX9Renderer.obj
 0001:00005d20       ??4SVertexDecl@SpeedTree@@QAEAAU01@ABU01@@Z 10006d20 f i DirectX9Renderer.obj
 0001:00005d50       ??4?$CPaddedPtr@$$CBD@SpeedTree@@QAEAAV01@ABV01@@Z 10006d50 f i DirectX9Renderer.obj
 0001:00005d70       ??_F?$CPaddedPtr@$$CBD@SpeedTree@@QAEXXZ 10006d70 f i DirectX9Renderer.obj
 0001:00005d90       ??1SRenderState@SpeedTree@@QAE@XZ 10006d90 f i DirectX9Renderer.obj
 0001:00005db0       ??4SRenderState@SpeedTree@@QAEAAU01@ABU01@@Z 10006db0 f i DirectX9Renderer.obj
 0001:00005de0       ??4SVerticalBillboards@SpeedTree@@QAEAAU01@ABU01@@Z 10006de0 f i DirectX9Renderer.obj
 0001:00005e10       ??4SHorizontalBillboard@SpeedTree@@QAEAAU01@ABU01@@Z 10006e10 f i DirectX9Renderer.obj
 0001:00005e40       ??4SCollisionObject@SpeedTree@@QAEAAU01@ABU01@@Z 10006e40 f i DirectX9Renderer.obj
 0001:00005e70       ??4?$CPaddedPtr@USRenderState@SpeedTree@@@SpeedTree@@QAEAAV01@ABV01@@Z 10006e70 f i DirectX9Renderer.obj
 0001:00005e90       ??_F?$CPaddedPtr@USRenderState@SpeedTree@@@SpeedTree@@QAEXXZ 10006e90 f i DirectX9Renderer.obj
 0001:00005eb0       ??4?$CPaddedPtr@E@SpeedTree@@QAEAAV01@ABV01@@Z 10006eb0 f i DirectX9Renderer.obj
 0001:00005ed0       ??_F?$CPaddedPtr@E@SpeedTree@@QAEXXZ 10006ed0 f i DirectX9Renderer.obj
 0001:00005ef0       ??4SDrawCall@SpeedTree@@QAEAAU01@ABU01@@Z 10006ef0 f i DirectX9Renderer.obj
 0001:00005f20       ??4SBone@SpeedTree@@QAEAAU01@ABU01@@Z 10006f20 f i DirectX9Renderer.obj
 0001:00005f50       ??4?$CPaddedPtr@USDrawCall@SpeedTree@@@SpeedTree@@QAEAAV01@ABV01@@Z 10006f50 f i DirectX9Renderer.obj
 0001:00005f70       ??_F?$CPaddedPtr@USDrawCall@SpeedTree@@@SpeedTree@@QAEXXZ 10006f70 f i DirectX9Renderer.obj
 0001:00005f90       ??4?$CPaddedPtr@USBone@SpeedTree@@@SpeedTree@@QAEAAV01@ABV01@@Z 10006f90 f i DirectX9Renderer.obj
 0001:00005fb0       ??_F?$CPaddedPtr@USBone@SpeedTree@@@SpeedTree@@QAEXXZ 10006fb0 f i DirectX9Renderer.obj
 0001:00005fd0       ??4SLod@SpeedTree@@QAEAAU01@ABU01@@Z 10006fd0 f i DirectX9Renderer.obj
 0001:00006010       ??4?$CPaddedPtr@USLod@SpeedTree@@@SpeedTree@@QAEAAV01@ABV01@@Z 10007010 f i DirectX9Renderer.obj
 0001:00006030       ??_F?$CPaddedPtr@USLod@SpeedTree@@@SpeedTree@@QAEXXZ 10007030 f i DirectX9Renderer.obj
 0001:00006050       ??4SGeometry@SpeedTree@@QAEAAU01@ABU01@@Z 10007050 f i DirectX9Renderer.obj
 0001:00006080       ??4SLodProfile@SpeedTree@@QAEAAU01@ABU01@@Z 10007080 f i DirectX9Renderer.obj
 0001:000060b0       ??4CAllocatorInterface@SpeedTree@@QAEAAV01@ABV01@@Z 100070b0 f i DirectX9Renderer.obj
 0001:000060c0       ??4CFileSystemInterface@SpeedTree@@QAEAAV01@ABV01@@Z 100070c0 f i DirectX9Renderer.obj
 0001:000060d0       ??0SHueVariationParams@CCore@SpeedTree@@QAE@XZ 100070d0 f i DirectX9Renderer.obj
 0001:00006110       ??4SHueVariationParams@CCore@SpeedTree@@QAEAAU012@ABU012@@Z 10007110 f i DirectX9Renderer.obj
 0001:00006150       ??4SResourceStats@CCore@SpeedTree@@QAEAAU012@ABU012@@Z 10007150 f i DirectX9Renderer.obj
 0001:00006180       ??0SResourceSummary@CCore@SpeedTree@@QAE@XZ 10007180 f i DirectX9Renderer.obj
 0001:000061d0       ??4SResourceSummary@CCore@SpeedTree@@QAEAAU012@ABU012@@Z 100071d0 f i DirectX9Renderer.obj
 0001:00006200       ??4CCore@SpeedTree@@QAEAAV01@ABV01@@Z 10007200 f i DirectX9Renderer.obj
 0001:000063f0       ??0SLodProfile@SpeedTree@@QAE@XZ 100073f0 f i DirectX9Renderer.obj
 0001:00006470       ?IsValid@SLodProfile@SpeedTree@@QBE_NXZ 10007470 f i DirectX9Renderer.obj
 0001:00006500       ?ComputeDerived@SLodProfile@SpeedTree@@QAEXXZ 10007500 f i DirectX9Renderer.obj
 0001:00006530       ?Scale@SLodProfile@SpeedTree@@QAEXM@Z 10007530 f i DirectX9Renderer.obj
 0001:00006580       ?Square@SLodProfile@SpeedTree@@QBEXAAU12@@Z 10007580 f i DirectX9Renderer.obj
 0001:00006600       ??BSLodProfile@SpeedTree@@QBEPBMXZ 10007600 f i DirectX9Renderer.obj
 0001:00006610       ?GetFilename@CCore@SpeedTree@@QBEPBDXZ 10007610 f i DirectX9Renderer.obj
 0001:00006630       ?GetGeometry@CCore@SpeedTree@@QBEPBUSGeometry@2@XZ 10007630 f i DirectX9Renderer.obj
 0001:00006650       ?GetExtents@CCore@SpeedTree@@QBEABVCExtents@2@XZ 10007650 f i DirectX9Renderer.obj
 0001:00006670       ?IsLoadedAsGrassModel@CCore@SpeedTree@@QBE_NXZ 10007670 f i DirectX9Renderer.obj
 0001:00006690       ?AreTexCoordsFlipped@CCore@SpeedTree@@QBE_NXZ 10007690 f i DirectX9Renderer.obj
 0001:000066b0       ?GetLodProfile@CCore@SpeedTree@@QBEABUSLodProfile@2@XZ 100076b0 f i DirectX9Renderer.obj
 0001:000066d0       ?GetLodProfileSquared@CCore@SpeedTree@@QBEABUSLodProfile@2@XZ 100076d0 f i DirectX9Renderer.obj
 0001:000066f0       ?SetLodProfile@CCore@SpeedTree@@QAE_NABUSLodProfile@2@@Z 100076f0 f i DirectX9Renderer.obj
 0001:00006760       ?ComputeLodSnapshot@CCore@SpeedTree@@QBEHM@Z 10007760 f i DirectX9Renderer.obj
 0001:00006800       ?ComputeLodByDistance@CCore@SpeedTree@@QBEMM@Z 10007800 f i DirectX9Renderer.obj
 0001:000068c0       ?ComputeLodByDistanceSquared@CCore@SpeedTree@@QBEMM@Z 100078c0 f i DirectX9Renderer.obj
 0001:00006980       ?ComputeLodTransition@CCore@SpeedTree@@SAMMH@Z 10007980 f i DirectX9Renderer.obj
 0001:00006a30       ?GetWind@CCore@SpeedTree@@QAEAAVCWind@2@XZ 10007a30 f i DirectX9Renderer.obj
 0001:00006a50       ?GetWind@CCore@SpeedTree@@QBEABVCWind@2@XZ 10007a50 f i DirectX9Renderer.obj
 0001:00006a70       ?GetWindShaderTable@CCore@SpeedTree@@QBEPBMXZ 10007a70 f i DirectX9Renderer.obj
 0001:00006a90       ?GetCollisionObjects@CCore@SpeedTree@@QBEPBUSCollisionObject@2@AAH@Z 10007a90 f i DirectX9Renderer.obj
 0001:00006ac0       ?SetHueVariationParams@CCore@SpeedTree@@QAEXABUSHueVariationParams@12@@Z 10007ac0 f i DirectX9Renderer.obj
 0001:00006b00       ?GetHueVariationParams@CCore@SpeedTree@@QBEABUSHueVariationParams@12@XZ 10007b00 f i DirectX9Renderer.obj
 0001:00006b20       ?SetAmbientImageScalar@CCore@SpeedTree@@QAEXM@Z 10007b20 f i DirectX9Renderer.obj
 0001:00006b40       ?GetAmbientImageScalar@CCore@SpeedTree@@QBEMXZ 10007b40 f i DirectX9Renderer.obj
 0001:00006b60       ?GetUserString@CCore@SpeedTree@@QBEPBDW4EUserStringOrdinal@12@@Z 10007b60 f i DirectX9Renderer.obj
 0001:00006b80       ?GetUserData@CCore@SpeedTree@@QBEPAXXZ 10007b80 f i DirectX9Renderer.obj
 0001:00006ba0       ?SetUserData@CCore@SpeedTree@@QAEXPAX@Z 10007ba0 f i DirectX9Renderer.obj
 0001:00006bc0       ?UncompressVec3@CCore@SpeedTree@@SA?AVVec3@2@PBE@Z 10007bc0 f i DirectX9Renderer.obj
 0001:00006c60       ?UncompressScalar@CCore@SpeedTree@@SAME@Z 10007c60 f i DirectX9Renderer.obj
 0001:00006ca0       ?CompressScalar@CCore@SpeedTree@@SAEM@Z 10007ca0 f i DirectX9Renderer.obj
 0001:00006ce0       ?CompressVec3@CCore@SpeedTree@@SAXQAEABVVec3@2@@Z 10007ce0 f i DirectX9Renderer.obj
 0001:00006db0       ?GetVertexPropertyDesc@CCore@SpeedTree@@SAABUSVertexPropertyDesc@2@U?$Enumeration@W4EVertexPropertyUntyped@SpeedTree@@D@2@@Z 10007db0 f i DirectX9Renderer.obj
 0001:00006dd0       ?GetPixelPropertyDesc@CCore@SpeedTree@@SAABUSPixelPropertyDesc@2@W4EPixelProperty@2@@Z 10007dd0 f i DirectX9Renderer.obj
 0001:00006de0       ?ComponentName@CCore@SpeedTree@@SAPBDH@Z 10007de0 f i DirectX9Renderer.obj
 0001:00006e10       ?SrtBuffer@CCore@SpeedTree@@IBEPBEXZ 10007e10 f i DirectX9Renderer.obj
 0001:00006e50       ??0SRenderState@SpeedTree@@QAE@XZ 10007e50 f i DirectX9Renderer.obj
 0001:00007160       ??8SRenderState@SpeedTree@@QBE_NABU01@@Z 10008160 f i DirectX9Renderer.obj
 0001:00007aa0       ??9SRenderState@SpeedTree@@QBE_NABU01@@Z 10008aa0 f i DirectX9Renderer.obj
 0001:00007ad0       ?IsPerPixelModelActive@SRenderState@SpeedTree@@QBE_NXZ 10008ad0 f i DirectX9Renderer.obj
 0001:00007b10       ?IsLightingModelInTransition@SRenderState@SpeedTree@@QBE_NXZ 10008b10 f i DirectX9Renderer.obj
 0001:00007b30       ?VertexShaderHashName@SRenderState@SpeedTree@@QBE?AV?$CBasicFixedString@$0BAA@@2@ABVCWind@2@W4EShadowConfig@12@@Z 10008b30 f i DirectX9Renderer.obj
 0001:00008350       ?Get5xModeHashName@SpeedTree@@YA?AV?$CBasicFixedString@$0BAA@@1@ABUSRenderState@1@@Z 10009350 f i DirectX9Renderer.obj
 0001:000084d0       ?Base36@SpeedTree@@YA?AV?$CBasicFixedString@$0BAA@@1@I@Z 100094d0 f i DirectX9Renderer.obj
 0001:00008700       ?WindStateHashName@SRenderState@SpeedTree@@QBE?AV?$CBasicFixedString@$0BAA@@2@ABVCWind@2@@Z 10009700 f i DirectX9Renderer.obj
 0001:00008c70       ?PixelShaderHashName@SRenderState@SpeedTree@@QBE?AV?$CBasicFixedString@$0BAA@@2@W4EShadowConfig@12@@Z 10009c70 f i DirectX9Renderer.obj
 0001:00009250       ?GetPixelProperties@SRenderState@SpeedTree@@QBEXQA_N@Z 1000a250 f i DirectX9Renderer.obj
 0001:00009590       ?GetInstanceType@SRenderState@SpeedTree@@QBE?AW4EInstanceType@SVertexDecl@2@XZ 1000a590 f i DirectX9Renderer.obj
 0001:00009630       ?ShaderGenHasFixedDecls@SRenderState@SpeedTree@@QBE_NXZ 1000a630 f i DirectX9Renderer.obj
 0001:00009680       ?ShaderGenerationMode@SRenderState@SpeedTree@@QBE?AW4EShaderGenerationMode@2@XZ 1000a680 f i DirectX9Renderer.obj
 0001:000096a0       ?IsTextureLayerPresent@SRenderState@SpeedTree@@QBE_NW4ETextureLayer@2@@Z 1000a6a0 f i DirectX9Renderer.obj
 0001:000096f0       ?VertexDeclHash@SRenderState@SpeedTree@@ABE?AV?$CBasicFixedString@$0BAA@@2@XZ 1000a6f0 f i DirectX9Renderer.obj
 0001:000097d0       ?PixelDeclHash@SRenderState@SpeedTree@@ABE?AV?$CBasicFixedString@$0BAA@@2@XZ 1000a7d0 f i DirectX9Renderer.obj
 0001:000098f0       ?IsBranchWindEnabled@SRenderState@SpeedTree@@QBE_NXZ 1000a8f0 f i DirectX9Renderer.obj
 0001:00009970       ?IsGlobalWindEnabled@SRenderState@SpeedTree@@QBE_NXZ 1000a970 f i DirectX9Renderer.obj
 0001:00009990       ?IsFullWindEnabled@SRenderState@SpeedTree@@QBE_NXZ 1000a990 f i DirectX9Renderer.obj
 0001:000099e0       ?MakeDepthOnly@SRenderState@SpeedTree@@QAEXXZ 1000a9e0 f i DirectX9Renderer.obj
 0001:00009a30       ?MakeShadowCast@SRenderState@SpeedTree@@QAEXXZ 1000aa30 f i DirectX9Renderer.obj
 0001:00009a90       ?HasOnlyBranches@SRenderState@SpeedTree@@QBE_NXZ 1000aa90 f i DirectX9Renderer.obj
 0001:00009b00       ?HasOnlyFronds@SRenderState@SpeedTree@@QBE_NXZ 1000ab00 f i DirectX9Renderer.obj
 0001:00009b70       ?HasOnlyLeaves@SRenderState@SpeedTree@@QBE_N_N0@Z 1000ab70 f i DirectX9Renderer.obj
 0001:00009ce0       ?HasOnlyRigidMeshes@SRenderState@SpeedTree@@QBE_NXZ 1000ace0 f i DirectX9Renderer.obj
 0001:00009d50       ??0SVerticalBillboards@SpeedTree@@QAE@XZ 1000ad50 f i DirectX9Renderer.obj
 0001:00009dd0       ??1SVerticalBillboards@SpeedTree@@QAE@XZ 1000add0 f i DirectX9Renderer.obj
 0001:00009e20       ??0SHorizontalBillboard@SpeedTree@@QAE@XZ 1000ae20 f i DirectX9Renderer.obj
 0001:00009ed0       ??1SHorizontalBillboard@SpeedTree@@QAE@XZ 1000aed0 f i DirectX9Renderer.obj
 0001:00009f40       ??0SCollisionObject@SpeedTree@@QAE@XZ 1000af40 f i DirectX9Renderer.obj
 0001:00009fb0       ??1SCollisionObject@SpeedTree@@QAE@XZ 1000afb0 f i DirectX9Renderer.obj
 0001:0000a020       ??0SDrawCall@SpeedTree@@QAE@XZ 1000b020 f i DirectX9Renderer.obj
 0001:0000a0a0       ??1SDrawCall@SpeedTree@@QAE@XZ 1000b0a0 f i DirectX9Renderer.obj
 0001:0000a0b0       ??0SBone@SpeedTree@@QAE@XZ 1000b0b0 f i DirectX9Renderer.obj
 0001:0000a140       ??0SLod@SpeedTree@@QAE@XZ  1000b140 f i DirectX9Renderer.obj
 0001:0000a1a0       ??1SLod@SpeedTree@@QAE@XZ  1000b1a0 f i DirectX9Renderer.obj
 0001:0000a1b0       ??0SGeometry@SpeedTree@@QAE@XZ 1000b1b0 f i DirectX9Renderer.obj
 0001:0000a2b0       ??1SGeometry@SpeedTree@@QAE@XZ 1000b2b0 f i DirectX9Renderer.obj
 0001:0000a3d0       ?GetProperty@SDrawCall@SpeedTree@@QBE_NU?$Enumeration@W4EVertexPropertyUntyped@SpeedTree@@D@2@HQAM@Z 1000b3d0 f i DirectX9Renderer.obj
 0001:0000a660       ?GetProperty@SDrawCall@SpeedTree@@QBE_NU?$Enumeration@W4EVertexPropertyUntyped@SpeedTree@@D@2@HQAVst_float16@2@@Z 1000b660 f i DirectX9Renderer.obj
 0001:0000a930       ?GetProperty@SDrawCall@SpeedTree@@QBE_NU?$Enumeration@W4EVertexPropertyUntyped@SpeedTree@@D@2@HQAE@Z 1000b930 f i DirectX9Renderer.obj
 0001:0000aae0       ?SetProperty@SDrawCall@SpeedTree@@QAE_NU?$Enumeration@W4EVertexPropertyUntyped@SpeedTree@@D@2@HQBM@Z 1000bae0 f i DirectX9Renderer.obj
 0001:0000ac90       ?SetProperty@SDrawCall@SpeedTree@@QAE_NU?$Enumeration@W4EVertexPropertyUntyped@SpeedTree@@D@2@HQBVst_float16@2@@Z 1000bc90 f i DirectX9Renderer.obj
 0001:0000ae40       ?SetProperty@SDrawCall@SpeedTree@@QAE_NU?$Enumeration@W4EVertexPropertyUntyped@SpeedTree@@D@2@HQBE@Z 1000be40 f i DirectX9Renderer.obj
 0001:0000afe0       ??0SAttribute@SVertexDecl@SpeedTree@@QAE@XZ 1000bfe0 f i DirectX9Renderer.obj
 0001:0000b070       ?IsUsed@SAttribute@SVertexDecl@SpeedTree@@QBE_NXZ 1000c070 f i DirectX9Renderer.obj
 0001:0000b0c0       ?NumEmptyComponents@SAttribute@SVertexDecl@SpeedTree@@QBEHXZ 1000c0c0 f i DirectX9Renderer.obj
 0001:0000b120       ?NumUsedComponents@SAttribute@SVertexDecl@SpeedTree@@QBEHXZ 1000c120 f i DirectX9Renderer.obj
 0001:0000b140       ?Size@SAttribute@SVertexDecl@SpeedTree@@QBEHXZ 1000c140 f i DirectX9Renderer.obj
 0001:0000b190       ?Clear@SAttribute@SVertexDecl@SpeedTree@@QAEXXZ 1000c190 f i DirectX9Renderer.obj
 0001:0000b1f0       ?FirstFreeComponent@SAttribute@SVertexDecl@SpeedTree@@QBE?AU?$Enumeration@W4EVertexComponentUntyped@SpeedTree@@D@3@XZ 1000c1f0 f i DirectX9Renderer.obj
 0001:0000b260       ??0SProperty@SVertexDecl@SpeedTree@@QAE@XZ 1000c260 f i DirectX9Renderer.obj
 0001:0000b320       ?IsPresent@SProperty@SVertexDecl@SpeedTree@@QBE_NXZ 1000c320 f i DirectX9Renderer.obj
 0001:0000b380       ?IsContiguous@SProperty@SVertexDecl@SpeedTree@@QBE_NXZ 1000c380 f i DirectX9Renderer.obj
 0001:0000b470       ?NumComponents@SProperty@SVertexDecl@SpeedTree@@QBEHXZ 1000c470 f i DirectX9Renderer.obj
 0001:0000b4c0       ??0SVertexDecl@SpeedTree@@QAE@XZ 1000c4c0 f i DirectX9Renderer.obj
 0001:0000b540       ??9SVertexDecl@SpeedTree@@QBE_NABU01@@Z 1000c540 f i DirectX9Renderer.obj
 0001:0000b570       ??MSVertexDecl@SpeedTree@@QBE_NABU01@@Z 1000c570 f i DirectX9Renderer.obj
 0001:0000b5a0       ?FormatName@SVertexDecl@SpeedTree@@SAPBDU?$Enumeration@W4EVertexFormatUntyped@SpeedTree@@D@2@@Z 1000c5a0 f i DirectX9Renderer.obj
 0001:0000b5d0       ?FormatSize@SVertexDecl@SpeedTree@@SAHU?$Enumeration@W4EVertexFormatUntyped@SpeedTree@@D@2@@Z 1000c5d0 f i DirectX9Renderer.obj
 0001:0000b600       ?AttributeName@SVertexDecl@SpeedTree@@SAPBDU?$Enumeration@W4EVertexAttributeUntyped@SpeedTree@@D@2@@Z 1000c600 f i DirectX9Renderer.obj
 0001:0000b690       ?GetDescription@SVertexDecl@SpeedTree@@QBEXAAV?$CBasicString@$00@2@@Z 1000c690 f i DirectX9Renderer.obj
 0001:0000b930       ??_G?$CArray@D$00@SpeedTree@@UAEPAXI@Z 1000c930 f i DirectX9Renderer.obj
 0001:0000b980       ??_E?$CArray@D$00@SpeedTree@@UAEPAXI@Z 1000c980 f i DirectX9Renderer.obj
 0001:0000ba10       ??_G?$CBasicString@$00@SpeedTree@@UAEPAXI@Z 1000ca10 f i DirectX9Renderer.obj
 0001:0000ba40       ??_E?$CBasicString@$00@SpeedTree@@UAEPAXI@Z 1000ca40 f i DirectX9Renderer.obj
 0001:0000bab0       ?MergeObjectAndInstanceVertexDecls@SVertexDecl@SpeedTree@@SA_NAAU12@ABU12@W4EInstanceType@12@@Z 1000cab0 f i DirectX9Renderer.obj
 0001:0000bc10       ?Set@SVertexDecl@SpeedTree@@QAE_NPBUSAttribDesc@12@@Z 1000cc10 f i DirectX9Renderer.obj
 0001:0000bdc0       ??_H@YGXPAXIHP6EPAX0@Z@Z   1000cdc0 f i DirectX9Renderer.obj
 0001:0000bdf0       ??4CTimer@SpeedTree@@QAEAAV01@ABV01@@Z 1000cdf0 f i DirectX9Renderer.obj
 0001:0000be20       ??_FCTimer@SpeedTree@@QAEXXZ 1000ce20 f i DirectX9Renderer.obj
 0001:0000be40       ??0CTimer@SpeedTree@@QAE@_N@Z 1000ce40 f i DirectX9Renderer.obj
 0001:0000bec0       ?Start@CTimer@SpeedTree@@QAEXXZ 1000cec0 f i DirectX9Renderer.obj
 0001:0000bef0       ?Stop@CTimer@SpeedTree@@QBEMXZ 1000cef0 f i DirectX9Renderer.obj
 0001:0000bf40       ?GetMicroSec@CTimer@SpeedTree@@QBEMXZ 1000cf40 f i DirectX9Renderer.obj
 0001:0000bf90       ?GetMilliSec@CTimer@SpeedTree@@QBEMXZ 1000cf90 f i DirectX9Renderer.obj
 0001:0000bfe0       ?GetSec@CTimer@SpeedTree@@QBEMXZ 1000cfe0 f i DirectX9Renderer.obj
 0001:0000c020       ?Mark@CTimer@SpeedTree@@QAEXH@Z 1000d020 f i DirectX9Renderer.obj
 0001:0000c060       ?Recall@CTimer@SpeedTree@@QAEMH@Z 1000d060 f i DirectX9Renderer.obj
 0001:0000c090       ??_G?$CArray@PAUSNode@CScopeTrace@SpeedTree@@$00@SpeedTree@@UAEPAXI@Z 1000d090 f i DirectX9Renderer.obj
 0001:0000c0e0       ??_E?$CArray@PAUSNode@CScopeTrace@SpeedTree@@$00@SpeedTree@@UAEPAXI@Z 1000d0e0 f i DirectX9Renderer.obj
 0001:0000c170       ??4CScopeTrace@SpeedTree@@QAEAAV01@ABV01@@Z 1000d170 f i DirectX9Renderer.obj
 0001:0000c180       ??0CScopeTrace@SpeedTree@@QAE@PBD@Z 1000d180 f i DirectX9Renderer.obj
 0001:0000c190       ??1CScopeTrace@SpeedTree@@QAE@XZ 1000d190 f i DirectX9Renderer.obj
 0001:0000c1a0       ?Init@CScopeTrace@SpeedTree@@SAXXZ 1000d1a0 f i DirectX9Renderer.obj
 0001:0000c1b0       ?Start@CScopeTrace@SpeedTree@@SAXXZ 1000d1b0 f i DirectX9Renderer.obj
 0001:0000c1c0       ?IsActive@CScopeTrace@SpeedTree@@SA_NXZ 1000d1c0 f i DirectX9Renderer.obj
 0001:0000c1d0       ?Stop@CScopeTrace@SpeedTree@@SAXXZ 1000d1d0 f i DirectX9Renderer.obj
 0001:0000c1e0       ?Report@CScopeTrace@SpeedTree@@SAXW4EReportFormat@12@AAV?$CBasicString@$00@2@PAUSNode@12@@Z 1000d1e0 f i DirectX9Renderer.obj
 0001:0000c1f0       ??4SHeapReserves@SpeedTree@@QAEAAU01@ABU01@@Z 1000d1f0 f i DirectX9Renderer.obj
 0001:0000c220       ??4SInstance@SpeedTree@@QAEAAU01@ABU01@@Z 1000d220 f i DirectX9Renderer.obj
 0001:0000c250       ??4STreeInstance@SpeedTree@@QAEAAU01@ABU01@@Z 1000d250 f i DirectX9Renderer.obj
 0001:0000c280       ??0?$CBlockPool@$00@SpeedTree@@QAE@ABV01@@Z 1000d280 f i DirectX9Renderer.obj
 0001:0000c2e0       ??_G?$CBlockPool@$00@SpeedTree@@UAEPAXI@Z 1000d2e0 f i DirectX9Renderer.obj
 0001:0000c320       ??_E?$CBlockPool@$00@SpeedTree@@UAEPAXI@Z 1000d320 f i DirectX9Renderer.obj
 0001:0000c3a0       ??_F?$CMap@PBVCCore@SpeedTree@@V?$CArray@USInstance@SpeedTree@@$00@2@V?$CLess@PBVCCore@SpeedTree@@@2@$00@SpeedTree@@QAEXXZ 1000d3a0 f i DirectX9Renderer.obj
 0001:0000c3c0       ??_G?$CMap@PBVCCore@SpeedTree@@V?$CArray@USInstance@SpeedTree@@$00@2@V?$CLess@PBVCCore@SpeedTree@@@2@$00@SpeedTree@@UAEPAXI@Z 1000d3c0 f i DirectX9Renderer.obj
 0001:0000c450       ??_E?$CMap@PBVCCore@SpeedTree@@V?$CArray@USInstance@SpeedTree@@$00@2@V?$CLess@PBVCCore@SpeedTree@@@2@$00@SpeedTree@@UAEPAXI@Z 1000d450 f i DirectX9Renderer.obj
 0001:0000c520       ??_G?$CArray@PBUSTreeInstance@SpeedTree@@$00@SpeedTree@@UAEPAXI@Z 1000d520 f i DirectX9Renderer.obj
 0001:0000c570       ??_E?$CArray@PBUSTreeInstance@SpeedTree@@$00@SpeedTree@@UAEPAXI@Z 1000d570 f i DirectX9Renderer.obj
 0001:0000c600       ??_G?$CArray@USInstance@SpeedTree@@$00@SpeedTree@@UAEPAXI@Z 1000d600 f i DirectX9Renderer.obj
 0001:0000c650       ??_E?$CArray@USInstance@SpeedTree@@$00@SpeedTree@@UAEPAXI@Z 1000d650 f i DirectX9Renderer.obj
 0001:0000c6e0       ??4S3dTreeInstanceLod@SpeedTree@@QAEAAU01@ABU01@@Z 1000d6e0 f i DirectX9Renderer.obj
 0001:0000c720       ??_G?$CArray@US3dTreeInstanceLod@SpeedTree@@$00@SpeedTree@@UAEPAXI@Z 1000d720 f i DirectX9Renderer.obj
 0001:0000c770       ??_E?$CArray@US3dTreeInstanceLod@SpeedTree@@$00@SpeedTree@@UAEPAXI@Z 1000d770 f i DirectX9Renderer.obj
 0001:0000c800       ??_G?$CArray@PAUSInstance@SpeedTree@@$00@SpeedTree@@UAEPAXI@Z 1000d800 f i DirectX9Renderer.obj
 0001:0000c850       ??_E?$CArray@PAUSInstance@SpeedTree@@$00@SpeedTree@@UAEPAXI@Z 1000d850 f i DirectX9Renderer.obj
 0001:0000c8e0       ??1SDetailedCullData@SpeedTree@@QAE@XZ 1000d8e0 f i DirectX9Renderer.obj
 0001:0000c990       ??0SDetailedCullData@SpeedTree@@QAE@ABU01@@Z 1000d990 f i DirectX9Renderer.obj
 0001:0000ca90       ??4SDetailedCullData@SpeedTree@@QAEAAU01@ABU01@@Z 1000da90 f i DirectX9Renderer.obj
 0001:0000cb00       ??_G?$CArray@VCCell@SpeedTree@@$00@SpeedTree@@UAEPAXI@Z 1000db00 f i DirectX9Renderer.obj
 0001:0000cb50       ??_E?$CArray@VCCell@SpeedTree@@$00@SpeedTree@@UAEPAXI@Z 1000db50 f i DirectX9Renderer.obj
 0001:0000cbe0       ??1CView@SpeedTree@@QAE@XZ 1000dbe0 f i DirectX9Renderer.obj
 0001:0000cbf0       ??4CView@SpeedTree@@QAEAAV01@ABV01@@Z 1000dbf0 f i DirectX9Renderer.obj
 0001:0000ce90       ??_G?$CArray@PAUSHeapBlock@?$CCellHeapMgr@VCCell@SpeedTree@@@SpeedTree@@$00@SpeedTree@@UAEPAXI@Z 1000de90 f i DirectX9Renderer.obj
 0001:0000cee0       ??_E?$CArray@PAUSHeapBlock@?$CCellHeapMgr@VCCell@SpeedTree@@@SpeedTree@@$00@SpeedTree@@UAEPAXI@Z 1000dee0 f i DirectX9Renderer.obj
 0001:0000cf70       ??_G?$CArray@PAVCCell@SpeedTree@@$00@SpeedTree@@UAEPAXI@Z 1000df70 f i DirectX9Renderer.obj
 0001:0000cfc0       ??_E?$CArray@PAVCCell@SpeedTree@@$00@SpeedTree@@UAEPAXI@Z 1000dfc0 f i DirectX9Renderer.obj
 0001:0000d050       ??0?$CCellHeapMgr@VCCell@SpeedTree@@@SpeedTree@@QAE@ABV01@@Z 1000e050 f i DirectX9Renderer.obj
 0001:0000d150       ??4?$CCellHeapMgr@VCCell@SpeedTree@@@SpeedTree@@QAEAAV01@ABV01@@Z 1000e150 f i DirectX9Renderer.obj
 0001:0000d1c0       ??_F?$CMap@USRowCol@SpeedTree@@PAVCCell@2@V?$CLess@USRowCol@SpeedTree@@@2@$00@SpeedTree@@QAEXXZ 1000e1c0 f i DirectX9Renderer.obj
 0001:0000d1e0       ??_G?$CMap@USRowCol@SpeedTree@@PAVCCell@2@V?$CLess@USRowCol@SpeedTree@@@2@$00@SpeedTree@@UAEPAXI@Z 1000e1e0 f i DirectX9Renderer.obj
 0001:0000d270       ??_E?$CMap@USRowCol@SpeedTree@@PAVCCell@2@V?$CLess@USRowCol@SpeedTree@@@2@$00@SpeedTree@@UAEPAXI@Z 1000e270 f i DirectX9Renderer.obj
 0001:0000d340       ??_G?$CArray@USDetailedCullData@SpeedTree@@$00@SpeedTree@@UAEPAXI@Z 1000e340 f i DirectX9Renderer.obj
 0001:0000d390       ??_E?$CArray@USDetailedCullData@SpeedTree@@$00@SpeedTree@@UAEPAXI@Z 1000e390 f i DirectX9Renderer.obj
 0001:0000d420       ??0CVisibleInstances@SpeedTree@@QAE@ABV01@@Z 1000e420 f i DirectX9Renderer.obj
 0001:0000d610       ??4CVisibleInstances@SpeedTree@@QAEAAV01@ABV01@@Z 1000e610 f i DirectX9Renderer.obj
 0001:0000d760       ??_FCVisibleInstances@SpeedTree@@QAEXXZ 1000e760 f i DirectX9Renderer.obj
 0001:0000d780       ??_GCVisibleInstances@SpeedTree@@UAEPAXI@Z 1000e780 f i DirectX9Renderer.obj
 0001:0000d7b0       ??_ECVisibleInstances@SpeedTree@@UAEPAXI@Z 1000e7b0 f i DirectX9Renderer.obj
 0001:0000d820       ??0CForest@SpeedTree@@QAE@ABV01@@Z 1000e820 f i DirectX9Renderer.obj
 0001:0000d8f0       ??4CForest@SpeedTree@@QAEAAV01@ABV01@@Z 1000e8f0 f i DirectX9Renderer.obj
 0001:0000d9c0       ??_GCForest@SpeedTree@@UAEPAXI@Z 1000e9c0 f i DirectX9Renderer.obj
 0001:0000d9f0       ??_ECForest@SpeedTree@@UAEPAXI@Z 1000e9f0 f i DirectX9Renderer.obj
 0001:0000da60       ??0SHeapReserves@SpeedTree@@QAE@XZ 1000ea60 f i DirectX9Renderer.obj
 0001:0000dac0       ??0CView@SpeedTree@@QAE@XZ 1000eac0 f i DirectX9Renderer.obj
 0001:0000ddf0       ?SetLodRefPoint@CView@SpeedTree@@QAEXABVVec3@2@@Z 1000edf0 f i DirectX9Renderer.obj
 0001:0000de20       ?GetCameraPos@CView@SpeedTree@@QBEABVVec3@2@XZ 1000ee20 f i DirectX9Renderer.obj
 0001:0000de30       ?GetLodRefPoint@CView@SpeedTree@@QBEABVVec3@2@XZ 1000ee30 f i DirectX9Renderer.obj
 0001:0000de50       ?GetProjection@CView@SpeedTree@@QBEABVMat4x4@2@XZ 1000ee50 f i DirectX9Renderer.obj
 0001:0000de70       ?GetModelview@CView@SpeedTree@@QBEABVMat4x4@2@XZ 1000ee70 f i DirectX9Renderer.obj
 0001:0000de90       ?GetModelviewNoTranslate@CView@SpeedTree@@QBEABVMat4x4@2@XZ 1000ee90 f i DirectX9Renderer.obj
 0001:0000deb0       ?GetNearClip@CView@SpeedTree@@QBEMXZ 1000eeb0 f i DirectX9Renderer.obj
 0001:0000ded0       ?GetFarClip@CView@SpeedTree@@QBEMXZ 1000eed0 f i DirectX9Renderer.obj
 0001:0000def0       ?GetCameraDir@CView@SpeedTree@@QBEABVVec3@2@XZ 1000eef0 f i DirectX9Renderer.obj
 0001:0000df10       ?GetComposite@CView@SpeedTree@@QBEABVMat4x4@2@XZ 1000ef10 f i DirectX9Renderer.obj
 0001:0000df30       ?GetCompositeNoTranslate@CView@SpeedTree@@QBEABVMat4x4@2@XZ 1000ef30 f i DirectX9Renderer.obj
 0001:0000df50       ?GetProjectionInverse@CView@SpeedTree@@QBEABVMat4x4@2@XZ 1000ef50 f i DirectX9Renderer.obj
 0001:0000df70       ?GetCameraAzimuth@CView@SpeedTree@@QBEMXZ 1000ef70 f i DirectX9Renderer.obj
 0001:0000df90       ?GetCameraPitch@CView@SpeedTree@@QBEMXZ 1000ef90 f i DirectX9Renderer.obj
 0001:0000dfb0       ?GetFrustumPoints@CView@SpeedTree@@QBEPBVVec3@2@XZ 1000efb0 f i DirectX9Renderer.obj
 0001:0000dfd0       ?GetFrustumPlanes@CView@SpeedTree@@QBEPBVVec4@2@XZ 1000efd0 f i DirectX9Renderer.obj
 0001:0000dff0       ?GetFrustumExtents@CView@SpeedTree@@QBEABVCExtents@2@XZ 1000eff0 f i DirectX9Renderer.obj
 0001:0000e010       ?GetCameraFacingMatrix@CView@SpeedTree@@QBEABVMat4x4@2@XZ 1000f010 f i DirectX9Renderer.obj
 0001:0000e030       ?SetHorzBillboardFadeAngles@CView@SpeedTree@@QAEXMM@Z 1000f030 f i DirectX9Renderer.obj
 0001:0000e060       ?GetHorzBillboardFadeAngles@CView@SpeedTree@@QBEXAAM0@Z 1000f060 f i DirectX9Renderer.obj
 0001:0000e090       ?GetHorzBillboardFadeValue@CView@SpeedTree@@QBEMXZ 1000f090 f i DirectX9Renderer.obj
 0001:0000e0b0       ?WindEnable@CForest@SpeedTree@@QAEX_N@Z 1000f0b0 f i DirectX9Renderer.obj
 0001:0000e0d0       ?WindIsEnabled@CForest@SpeedTree@@QBE_NXZ 1000f0d0 f i DirectX9Renderer.obj
 0001:0000e0f0       ?WindEnableGusting@CForest@SpeedTree@@QAEXABV?$CArray@PAVCCore@SpeedTree@@$00@2@_N@Z 1000f0f0 f i DirectX9Renderer.obj
 0001:0000e1a0       ??_G?$CArray@PAVCCore@SpeedTree@@$00@SpeedTree@@UAEPAXI@Z 1000f1a0 f i DirectX9Renderer.obj
 0001:0000e1f0       ??_E?$CArray@PAVCCore@SpeedTree@@$00@SpeedTree@@UAEPAXI@Z 1000f1f0 f i DirectX9Renderer.obj
 0001:0000e280       ?WindIsGustingEnabled@CForest@SpeedTree@@QBE_NXZ 1000f280 f i DirectX9Renderer.obj
 0001:0000e2a0       ?WindAdvance@CForest@SpeedTree@@UAEXABV?$CArray@PAVCCore@SpeedTree@@$00@2@M@Z 1000f2a0 f i DirectX9Renderer.obj
 0001:0000e360       ?WindPreroll@CForest@SpeedTree@@QAEXABV?$CArray@PAVCCore@SpeedTree@@$00@2@M@Z 1000f360 f i DirectX9Renderer.obj
 0001:0000e440       ?WindSetStrength@CForest@SpeedTree@@QAEXABV?$CArray@PAVCCore@SpeedTree@@$00@2@M@Z 1000f440 f i DirectX9Renderer.obj
 0001:0000e4f0       ?WindSetInitDirection@CForest@SpeedTree@@QAEXABV?$CArray@PAVCCore@SpeedTree@@$00@2@ABVVec3@2@@Z 1000f4f0 f i DirectX9Renderer.obj
 0001:0000e5a0       ?WindSetDirection@CForest@SpeedTree@@QAEXABV?$CArray@PAVCCore@SpeedTree@@$00@2@ABVVec3@2@@Z 1000f5a0 f i DirectX9Renderer.obj
 0001:0000e660       ?WindGetGlobalTime@CForest@SpeedTree@@QBEMXZ 1000f660 f i DirectX9Renderer.obj
 0001:0000e680       ?FrameEnd@CForest@SpeedTree@@QAEXXZ 1000f680 f i DirectX9Renderer.obj
 0001:0000e6b0       ?GetFrameIndex@CForest@SpeedTree@@QBEHXZ 1000f6b0 f i DirectX9Renderer.obj
 0001:0000e6d0       ?SetLightDir@CForest@SpeedTree@@QAEXABVVec3@2@@Z 1000f6d0 f i DirectX9Renderer.obj
 0001:0000e760       ?GetLightDir@CForest@SpeedTree@@QBEABVVec3@2@XZ 1000f760 f i DirectX9Renderer.obj
 0001:0000e780       ?LightDirChanged@CForest@SpeedTree@@QBE_NXZ 1000f780 f i DirectX9Renderer.obj
 0001:0000e7a0       ?SetCascadedShadowMapDistances@CForest@SpeedTree@@QAEXQBMM@Z 1000f7a0 f i DirectX9Renderer.obj
 0001:0000e7f0       ?GetCascadedShadowMapDistances@CForest@SpeedTree@@QBEPBMXZ 1000f7f0 f i DirectX9Renderer.obj
 0001:0000e810       ?SetShadowFadePercentage@CForest@SpeedTree@@QAEXM@Z 1000f810 f i DirectX9Renderer.obj
 0001:0000e830       ?GetShadowFadePercentage@CForest@SpeedTree@@QBEMXZ 1000f830 f i DirectX9Renderer.obj
 0001:0000e850       ??4?$CHeapAllocCheck@V?$CArray@PBUSTreeInstance@SpeedTree@@$00@SpeedTree@@@SpeedTree@@QAEAAV01@ABV01@@Z 1000f850 f i DirectX9Renderer.obj
 0001:0000e860       ??4?$CHeapAllocCheck@V?$CArray@USInstance@SpeedTree@@$00@SpeedTree@@@SpeedTree@@QAEAAV01@ABV01@@Z 1000f860 f i DirectX9Renderer.obj
 0001:0000e870       ??0SDetailedCullData@SpeedTree@@QAE@XZ 1000f870 f i DirectX9Renderer.obj
 0001:0000e930       ??0CVisibleInstances@SpeedTree@@QAE@W4EPopulationType@1@_N@Z 1000f930 f i DirectX9Renderer.obj
 0001:0000eb20       ??1CVisibleInstances@SpeedTree@@UAE@XZ 1000fb20 f i DirectX9Renderer.obj
 0001:0000ec60       ?SetHeapReserves@CVisibleInstances@SpeedTree@@UAEXABUSHeapReserves@2@@Z 1000fc60 f i DirectX9Renderer.obj
 0001:0000ed80       ?SetCellSize@CVisibleInstances@SpeedTree@@QAEXM@Z 1000fd80 f i DirectX9Renderer.obj
 0001:0000eda0       ?Clear@CVisibleInstances@SpeedTree@@QAEXXZ 1000fda0 f i DirectX9Renderer.obj
 0001:0000edc0       ?RoughCells@CVisibleInstances@SpeedTree@@QAEAAV?$CArray@VCCell@SpeedTree@@$00@2@XZ 1000fdc0 f i DirectX9Renderer.obj
 0001:0000ede0       ?VisibleCells@CVisibleInstances@SpeedTree@@QBEABV?$CMap@USRowCol@SpeedTree@@PAVCCell@2@V?$CLess@USRowCol@SpeedTree@@@2@$00@2@XZ 1000fde0 f i DirectX9Renderer.obj
 0001:0000ee00       ?NewlyVisibleCells@CVisibleInstances@SpeedTree@@QAEAAV?$CArray@PAVCCell@SpeedTree@@$00@2@XZ 1000fe00 f i DirectX9Renderer.obj
 0001:0000ee20       ?GetExtentsAsRowCols@CVisibleInstances@SpeedTree@@QBEXAAH000@Z 1000fe20 f i DirectX9Renderer.obj
 0001:0000ee70       ?NotifyOfPopulationChange@CVisibleInstances@SpeedTree@@UAEXXZ 1000fe70 f i DirectX9Renderer.obj
 0001:0000efd0       ??4iterator_base@?$CMap@USRowCol@SpeedTree@@PAVCCell@2@V?$CLess@USRowCol@SpeedTree@@@2@$00@SpeedTree@@QAEAAV012@ABV012@@Z 1000ffd0 f i DirectX9Renderer.obj
 0001:0000eff0       ??_Fiterator_base@?$CMap@USRowCol@SpeedTree@@PAVCCell@2@V?$CLess@USRowCol@SpeedTree@@@2@$00@SpeedTree@@QAEXXZ 1000fff0 f i DirectX9Renderer.obj
 0001:0000f010       ??4const_iterator@?$CMap@USRowCol@SpeedTree@@PAVCCell@2@V?$CLess@USRowCol@SpeedTree@@@2@$00@SpeedTree@@QAEAAV012@ABV012@@Z 10010010 f i DirectX9Renderer.obj
 0001:0000f030       ??_Fconst_iterator@?$CMap@USRowCol@SpeedTree@@PAVCCell@2@V?$CLess@USRowCol@SpeedTree@@@2@$00@SpeedTree@@QAEXXZ 10010030 f i DirectX9Renderer.obj
 0001:0000f050       ??4iterator@?$CMap@USRowCol@SpeedTree@@PAVCCell@2@V?$CLess@USRowCol@SpeedTree@@@2@$00@SpeedTree@@QAEAAV012@ABV012@@Z 10010050 f i DirectX9Renderer.obj
 0001:0000f070       ??_Fiterator@?$CMap@USRowCol@SpeedTree@@PAVCCell@2@V?$CLess@USRowCol@SpeedTree@@@2@$00@SpeedTree@@QAEXXZ 10010070 f i DirectX9Renderer.obj
 0001:0000f090       ?Get3dInstanceLods@CVisibleInstances@SpeedTree@@QBEABV?$CArray@USDetailedCullData@SpeedTree@@$00@2@XZ 10010090 f i DirectX9Renderer.obj
 0001:0000f0b0       ?GetInstaceLodArrayByBase@CVisibleInstances@SpeedTree@@IAEPAUSDetailedCullData@2@PBVCCore@2@@Z 100100b0 f i DirectX9Renderer.obj
 0001:0000f230       ??4?$CHeapAllocCheck@V?$CArray@USDetailedCullData@SpeedTree@@$00@SpeedTree@@@SpeedTree@@QAEAAV01@ABV01@@Z 10010230 f i DirectX9Renderer.obj
 0001:0000f240       ??0SInstance@SpeedTree@@QAE@XZ 10010240 f i DirectX9Renderer.obj
 0001:0000f2c0       ??0STreeInstance@SpeedTree@@QAE@XZ 100102c0 f i DirectX9Renderer.obj
 0001:0000f320       ?ComputeCullParameters@STreeInstance@SpeedTree@@QAEXXZ 10010320 f i DirectX9Renderer.obj
 0001:0000f4b0       ??_G?$CBasicFixedString@$0IAA@@SpeedTree@@UAEPAXI@Z 100104b0 f i DirectX9Renderer.obj
 0001:0000f4e0       ??_E?$CBasicFixedString@$0IAA@@SpeedTree@@UAEPAXI@Z 100104e0 f i DirectX9Renderer.obj
 0001:0000f550       ??_G?$CArray@V?$CBasicFixedString@$0BAA@@SpeedTree@@$00@SpeedTree@@UAEPAXI@Z 10010550 f i DirectX9Renderer.obj
 0001:0000f5a0       ??_E?$CArray@V?$CBasicFixedString@$0BAA@@SpeedTree@@$00@SpeedTree@@UAEPAXI@Z 100105a0 f i DirectX9Renderer.obj
 0001:0000f630       ??4SSimpleMaterial@SpeedTree@@QAEAAU01@ABU01@@Z 10010630 f i DirectX9Renderer.obj
 0001:0000f660       ??0SAppState@SpeedTree@@QAE@XZ 10010660 f i DirectX9Renderer.obj
 0001:0000f6a0       ??4SAppState@SpeedTree@@QAEAAU01@ABU01@@Z 100106a0 f i DirectX9Renderer.obj
 0001:0000f6d0       ??4STextureInfo@SpeedTree@@QAEAAU01@ABU01@@Z 100106d0 f i DirectX9Renderer.obj
 0001:0000f6f0       ??_G?$CArray@E$00@SpeedTree@@UAEPAXI@Z 100106f0 f i DirectX9Renderer.obj
 0001:0000f740       ??_E?$CArray@E$00@SpeedTree@@UAEPAXI@Z 10010740 f i DirectX9Renderer.obj
 0001:0000f7d0       ??0STextureInfo@SpeedTree@@QAE@XZ 100107d0 f i DirectX9Renderer.obj
 0001:0000f800       ??4?$CStatPrimitive@H@CRenderStats@SpeedTree@@QAEAAV012@ABV012@@Z 10010800 f i DirectX9Renderer.obj
 0001:0000f820       ??1SObjectStats@CRenderStats@SpeedTree@@QAE@XZ 10010820 f i DirectX9Renderer.obj
 0001:0000f840       ??0SObjectStats@CRenderStats@SpeedTree@@QAE@ABU012@@Z 10010840 f i DirectX9Renderer.obj
 0001:0000f8c0       ??4SObjectStats@CRenderStats@SpeedTree@@QAEAAU012@ABU012@@Z 100108c0 f i DirectX9Renderer.obj
 0001:0000f940       ??4?$CStatPrimitive@M@CRenderStats@SpeedTree@@QAEAAV012@ABV012@@Z 10010940 f i DirectX9Renderer.obj
 0001:0000f960       ??_G?$CArray@USObjectStats@CRenderStats@SpeedTree@@$00@SpeedTree@@UAEPAXI@Z 10010960 f i DirectX9Renderer.obj
 0001:0000f9b0       ??_E?$CArray@USObjectStats@CRenderStats@SpeedTree@@$00@SpeedTree@@UAEPAXI@Z 100109b0 f i DirectX9Renderer.obj
 0001:0000fa40       ??0CRenderStats@SpeedTree@@QAE@ABV01@@Z 10010a40 f i DirectX9Renderer.obj
 0001:0000fad0       ??4CRenderStats@SpeedTree@@QAEAAV01@ABV01@@Z 10010ad0 f i DirectX9Renderer.obj
 0001:0000fb30       ??1SForestRenderInfo@SpeedTree@@QAE@XZ 10010b30 f i DirectX9Renderer.obj
 0001:0000fb50       ??0SForestRenderInfo@SpeedTree@@QAE@ABU01@@Z 10010b50 f i DirectX9Renderer.obj
 0001:0000fd70       ??4SForestRenderInfo@SpeedTree@@QAEAAU01@ABU01@@Z 10010d70 f i DirectX9Renderer.obj
 0001:0000ff90       ??_G?$CArray@M$00@SpeedTree@@UAEPAXI@Z 10010f90 f i DirectX9Renderer.obj
 0001:0000ffe0       ??_E?$CArray@M$00@SpeedTree@@UAEPAXI@Z 10010fe0 f i DirectX9Renderer.obj
 0001:00010070       ??4SInstancedDrawStats@SpeedTree@@QAEAAU01@ABU01@@Z 10011070 f i DirectX9Renderer.obj
 0001:000100a0       ??0SSimpleMaterial@SpeedTree@@QAE@XZ 100110a0 f i DirectX9Renderer.obj
 0001:00010140       ??0SForestRenderInfo@SpeedTree@@QAE@XZ 10011140 f i DirectX9Renderer.obj
 0001:00010300       ??0SObjectStats@CRenderStats@SpeedTree@@QAE@XZ 10011300 f i DirectX9Renderer.obj
 0001:00010430       ??0CRenderStats@SpeedTree@@QAE@XZ 10011430 f i DirectX9Renderer.obj
 0001:00010560       ??1CRenderStats@SpeedTree@@QAE@XZ 10011560 f i DirectX9Renderer.obj
 0001:000105a0       ?Reset@SObjectStats@CRenderStats@SpeedTree@@QAEXXZ 100115a0 f i DirectX9Renderer.obj
 0001:00010630       ?Reset@CRenderStats@SpeedTree@@QAEXXZ 10011630 f i DirectX9Renderer.obj
 0001:000106b0       ?GetObjectStats@CRenderStats@SpeedTree@@QAEAAUSObjectStats@12@ABV?$CBasicFixedString@$0BAA@@2@@Z 100116b0 f i DirectX9Renderer.obj
 0001:000108f0       ?GetObjectsArray@CRenderStats@SpeedTree@@QBEABV?$CArray@USObjectStats@CRenderStats@SpeedTree@@$00@2@XZ 100118f0 f i DirectX9Renderer.obj
 0001:00010910       ??0SInstancedDrawStats@SpeedTree@@QAE@XZ 10011910 f i DirectX9Renderer.obj
 0001:00010940       ??0CTerrainCell@SpeedTree@@QAE@ABV01@@Z 10011940 f i DirectX9Renderer.obj
 0001:00010a40       ??4CTerrainCell@SpeedTree@@QAEAAV01@ABV01@@Z 10011a40 f i DirectX9Renderer.obj
 0001:00010b30       ??_GCTerrainCell@SpeedTree@@UAEPAXI@Z 10011b30 f i DirectX9Renderer.obj
 0001:00010b90       ??_ECTerrainCell@SpeedTree@@UAEPAXI@Z 10011b90 f i DirectX9Renderer.obj
 0001:00010c30       ??_G?$CArray@PAVCTerrainCell@SpeedTree@@$00@SpeedTree@@UAEPAXI@Z 10011c30 f i DirectX9Renderer.obj
 0001:00010c80       ??_E?$CArray@PAVCTerrainCell@SpeedTree@@$00@SpeedTree@@UAEPAXI@Z 10011c80 f i DirectX9Renderer.obj
 0001:00010d10       ??_G?$CArray@PAX$00@SpeedTree@@UAEPAXI@Z 10011d10 f i DirectX9Renderer.obj
 0001:00010d60       ??_E?$CArray@PAX$00@SpeedTree@@UAEPAXI@Z 10011d60 f i DirectX9Renderer.obj
 0001:00010df0       ??0STerrainCullResults@SpeedTree@@QAE@XZ 10011df0 f i DirectX9Renderer.obj
 0001:00010ec0       ??1STerrainCullResults@SpeedTree@@QAE@XZ 10011ec0 f i DirectX9Renderer.obj
 0001:00010fa0       ??0STerrainCullResults@SpeedTree@@QAE@ABU01@@Z 10011fa0 f i DirectX9Renderer.obj
 0001:000110c0       ??4STerrainCullResults@SpeedTree@@QAEAAU01@ABU01@@Z 100120c0 f i DirectX9Renderer.obj
 0001:00011110       ??_F?$CMap@USRowCol@SpeedTree@@VCTerrainCell@2@V?$CLess@USRowCol@SpeedTree@@@2@$00@SpeedTree@@QAEXXZ 10012110 f i DirectX9Renderer.obj
 0001:00011130       ??_G?$CMap@USRowCol@SpeedTree@@VCTerrainCell@2@V?$CLess@USRowCol@SpeedTree@@@2@$00@SpeedTree@@UAEPAXI@Z 10012130 f i DirectX9Renderer.obj
 0001:000111c0       ??_E?$CMap@USRowCol@SpeedTree@@VCTerrainCell@2@V?$CLess@USRowCol@SpeedTree@@@2@$00@SpeedTree@@UAEPAXI@Z 100121c0 f i DirectX9Renderer.obj
 0001:00011290       ??0?$CCellContainer@VCTerrainCell@SpeedTree@@@SpeedTree@@QAE@ABV01@@Z 10012290 f i DirectX9Renderer.obj
 0001:000112d0       ??4?$CCellContainer@VCTerrainCell@SpeedTree@@@SpeedTree@@QAEAAV01@ABV01@@Z 100122d0 f i DirectX9Renderer.obj
 0001:00011310       ??_G?$CCellContainer@VCTerrainCell@SpeedTree@@@SpeedTree@@UAEPAXI@Z 10012310 f i DirectX9Renderer.obj
 0001:00011340       ??_E?$CCellContainer@VCTerrainCell@SpeedTree@@@SpeedTree@@UAEPAXI@Z 10012340 f i DirectX9Renderer.obj
 0001:000113b0       ??_G?$CArray@G$00@SpeedTree@@UAEPAXI@Z 100123b0 f i DirectX9Renderer.obj
 0001:00011400       ??_E?$CArray@G$00@SpeedTree@@UAEPAXI@Z 10012400 f i DirectX9Renderer.obj
 0001:00011490       ??_G?$CArray@USIndexData@CTerrain@SpeedTree@@$00@SpeedTree@@UAEPAXI@Z 10012490 f i DirectX9Renderer.obj
 0001:000114e0       ??_E?$CArray@USIndexData@CTerrain@SpeedTree@@$00@SpeedTree@@UAEPAXI@Z 100124e0 f i DirectX9Renderer.obj
 0001:00011570       ??0CTerrain@SpeedTree@@QAE@ABV01@@Z 10012570 f i DirectX9Renderer.obj
 0001:000116f0       ??4CTerrain@SpeedTree@@QAEAAV01@ABV01@@Z 100126f0 f i DirectX9Renderer.obj
 0001:000117b0       ??_GCTerrain@SpeedTree@@UAEPAXI@Z 100127b0 f i DirectX9Renderer.obj
 0001:000117e0       ??_ECTerrain@SpeedTree@@UAEPAXI@Z 100127e0 f i DirectX9Renderer.obj
 0001:00011850       ??0CTerrainCell@SpeedTree@@QAE@XZ 10012850 f i DirectX9Renderer.obj
 0001:00011980       ??1CTerrainCell@SpeedTree@@UAE@XZ 10012980 f i DirectX9Renderer.obj
 0001:000119d0       ?IsNew@CTerrainCell@SpeedTree@@QBE_NXZ 100129d0 f i DirectX9Renderer.obj
 0001:000119f0       ?Col@CTerrainCell@SpeedTree@@QBEHXZ 100129f0 f i DirectX9Renderer.obj
 0001:00011a10       ?Row@CTerrainCell@SpeedTree@@QBEHXZ 10012a10 f i DirectX9Renderer.obj
 0001:00011a30       ?SetRowCol@CTerrainCell@SpeedTree@@QAEXHH@Z 10012a30 f i DirectX9Renderer.obj
 0001:00011a50       ?GetExtents@CTerrainCell@SpeedTree@@QBEABVCExtents@2@XZ 10012a50 f i DirectX9Renderer.obj
 0001:00011a70       ?InvalidateExtents@CTerrainCell@SpeedTree@@QAEXXZ 10012a70 f i DirectX9Renderer.obj
 0001:00011ae0       ?SetExtents@CTerrainCell@SpeedTree@@QAEXABVCExtents@2@@Z 10012ae0 f i DirectX9Renderer.obj
 0001:00011b70       ?GetDistanceFromCamera@CTerrainCell@SpeedTree@@QBEMXZ 10012b70 f i DirectX9Renderer.obj
 0001:00011b90       ?GetCenter@CTerrainCell@SpeedTree@@QBEABVVec3@2@XZ 10012b90 f i DirectX9Renderer.obj
 0001:00011bb0       ?GetCullingRadius@CTerrainCell@SpeedTree@@QBEMXZ 10012bb0 f i DirectX9Renderer.obj
 0001:00011bd0       ?GetFrameIndex@CTerrainCell@SpeedTree@@QBEHXZ 10012bd0 f i DirectX9Renderer.obj
 0001:00011bf0       ?SetFrameIndex@CTerrainCell@SpeedTree@@QAEXH@Z 10012bf0 f i DirectX9Renderer.obj
 0001:00011c10       ?GetIndices@CTerrainCell@SpeedTree@@QBEXAAI000@Z 10012c10 f i DirectX9Renderer.obj
 0001:00011c50       ?GetLod@CTerrainCell@SpeedTree@@QBEHXZ 10012c50 f i DirectX9Renderer.obj
 0001:00011c70       ?GetVbo@CTerrainCell@SpeedTree@@QBEPAXXZ 10012c70 f i DirectX9Renderer.obj
 0001:00011c90       ?SetVbo@CTerrainCell@SpeedTree@@QAEXPAX@Z 10012c90 f i DirectX9Renderer.obj
 0001:00011cb0       ?SetIsPopulated@CTerrainCell@SpeedTree@@QAEX_N@Z 10012cb0 f i DirectX9Renderer.obj
 0001:00011cd0       ?IsPopulated@CTerrainCell@SpeedTree@@QBE_NXZ 10012cd0 f i DirectX9Renderer.obj
 0001:00011cf0       ?IsEnabled@CTerrain@SpeedTree@@QBE_NXZ 10012cf0 f i DirectX9Renderer.obj
 0001:00011d20       ?GetNumLods@CTerrain@SpeedTree@@QBEHXZ 10012d20 f i DirectX9Renderer.obj
 0001:00011d40       ?GetMaxTileRes@CTerrain@SpeedTree@@QBEHXZ 10012d40 f i DirectX9Renderer.obj
 0001:00011d60       ?GetCellSize@CTerrain@SpeedTree@@QBEMXZ 10012d60 f i DirectX9Renderer.obj
 0001:00011d80       ?SetHeightHints@CTerrain@SpeedTree@@QAEXMM@Z 10012d80 f i DirectX9Renderer.obj
 0001:00011da0       ?SetHeapReserves@CTerrain@SpeedTree@@QAEXABUSHeapReserves@2@@Z 10012da0 f i DirectX9Renderer.obj
 0001:00011de0       ?SetLodRange@CTerrain@SpeedTree@@QAEXMM@Z 10012de0 f i DirectX9Renderer.obj
 0001:00011e00       ?GetLodRange@CTerrain@SpeedTree@@QBEXAAM0@Z 10012e00 f i DirectX9Renderer.obj
 0001:00011e30       ?GetCompositeIndices@CTerrain@SpeedTree@@QBEABV?$CArray@G$00@2@XZ 10012e30 f i DirectX9Renderer.obj
 0001:00011e50       ??1STerrainRenderInfo@SpeedTree@@QAE@XZ 10012e50 f i DirectX9Renderer.obj
 0001:00011ee0       ??0STerrainRenderInfo@SpeedTree@@QAE@ABU01@@Z 10012ee0 f i DirectX9Renderer.obj
 0001:00012140       ??4STerrainRenderInfo@SpeedTree@@QAEAAU01@ABU01@@Z 10013140 f i DirectX9Renderer.obj
 0001:00012370       ??0STerrainRenderInfo@SpeedTree@@QAE@XZ 10013370 f i DirectX9Renderer.obj
 0001:00012580       ??4CRandom@SpeedTree@@QAEAAV01@ABV01@@Z 10013580 f i DirectX9Renderer.obj
 0001:000125b0       ??0CRandom@SpeedTree@@QAE@XZ 100135b0 f i DirectX9Renderer.obj
 0001:000125d0       ??0CRandom@SpeedTree@@QAE@I@Z 100135d0 f i DirectX9Renderer.obj
 0001:000125f0       ??0CRandom@SpeedTree@@QAE@ABV01@@Z 100135f0 f i DirectX9Renderer.obj
 0001:00012610       ??1CRandom@SpeedTree@@QAE@XZ 10013610 f i DirectX9Renderer.obj
 0001:00012620       ?Seed@CRandom@SpeedTree@@QAEXI@Z 10013620 f i DirectX9Renderer.obj
 0001:000126d0       ?GetInteger@CRandom@SpeedTree@@QAEHHH@Z 100136d0 f i DirectX9Renderer.obj
 0001:00012710       ?GetFloat@CRandom@SpeedTree@@QAEMMM@Z 10013710 f i DirectX9Renderer.obj
 0001:00012760       ?GetDouble@CRandom@SpeedTree@@QAENNN@Z 10013760 f i DirectX9Renderer.obj
 0001:000127a0       ?GetGaussianFloat@CRandom@SpeedTree@@QAEMXZ 100137a0 f i DirectX9Renderer.obj
 0001:000128a0       ?GetGaussianDouble@CRandom@SpeedTree@@QAENXZ 100138a0 f i DirectX9Renderer.obj
 0001:00012970       ?Reload@CRandom@SpeedTree@@IAEXXZ 10013970 f i DirectX9Renderer.obj
 0001:00012ab0       ?GetRawInteger@CRandom@SpeedTree@@IAEIXZ 10013ab0 f i DirectX9Renderer.obj
 0001:00012b50       ?Twist@CRandom@SpeedTree@@IBEIIII@Z 10013b50 f i DirectX9Renderer.obj
 0001:00012b90       ??1SSkyRenderInfo@SpeedTree@@QAE@XZ 10013b90 f i DirectX9Renderer.obj
 0001:00012bc0       ??0SSkyRenderInfo@SpeedTree@@QAE@ABU01@@Z 10013bc0 f i DirectX9Renderer.obj
 0001:00012d70       ??4SSkyRenderInfo@SpeedTree@@QAEAAU01@ABU01@@Z 10013d70 f i DirectX9Renderer.obj
 0001:00012ee0       ??0SSkyRenderInfo@SpeedTree@@QAE@XZ 10013ee0 f i DirectX9Renderer.obj
 0001:00013060       ??4DX9@SpeedTree@@QAEAAV01@ABV01@@Z 10014060 f i DirectX9Renderer.obj
 0001:00013070       ??1CStateBlockDirectX9@SpeedTree@@QAE@XZ 10014070 f i DirectX9Renderer.obj
 0001:000130a0       ??4CStateBlockDirectX9@SpeedTree@@QAEAAV01@ABV01@@Z 100140a0 f i DirectX9Renderer.obj
 0001:000130d0       ??0CTextureDirectX9@SpeedTree@@QAE@ABV01@@Z 100140d0 f i DirectX9Renderer.obj
 0001:00013110       ??_GCTextureDirectX9@SpeedTree@@UAEPAXI@Z 10014110 f i DirectX9Renderer.obj
 0001:00013140       ??_ECTextureDirectX9@SpeedTree@@UAEPAXI@Z 10014140 f i DirectX9Renderer.obj
 0001:000131b0       ??4CRenderTargetDirectX9@SpeedTree@@QAEAAV01@ABV01@@Z 100141b0 f i DirectX9Renderer.obj
 0001:000131e0       ??4CShaderConstantBufferDirectX9@SpeedTree@@QAEAAV01@ABV01@@Z 100141e0 f i DirectX9Renderer.obj
 0001:00013210       ?LoadProgramBinary@CShaderTechniqueDirectX9@SpeedTree@@QAE_NPBD0@Z 10014210 f i DirectX9Renderer.obj
 0001:00013220       ?SaveProgramBinary@CShaderTechniqueDirectX9@SpeedTree@@QAE_NPBD0@Z 10014220 f i DirectX9Renderer.obj
 0001:00013230       ??4CVertexShader@CShaderTechniqueDirectX9@SpeedTree@@QAEAAV012@ABV012@@Z 10014230 f i DirectX9Renderer.obj
 0001:00013250       ??4CPixelShader@CShaderTechniqueDirectX9@SpeedTree@@QAEAAV012@ABV012@@Z 10014250 f i DirectX9Renderer.obj
 0001:00013270       ??4CShaderTechniqueDirectX9@SpeedTree@@QAEAAV01@ABV01@@Z 10014270 f i DirectX9Renderer.obj
 0001:00013280       ??0CGeometryBufferDirectX9@SpeedTree@@QAE@ABV01@@Z 10014280 f i DirectX9Renderer.obj
 0001:000132f0       ??4CGeometryBufferDirectX9@SpeedTree@@QAEAAV01@ABV01@@Z 100142f0 f i DirectX9Renderer.obj
 0001:00013350       ??_GCGeometryBufferDirectX9@SpeedTree@@UAEPAXI@Z 10014350 f i DirectX9Renderer.obj
 0001:00013380       ??_ECGeometryBufferDirectX9@SpeedTree@@UAEPAXI@Z 10014380 f i DirectX9Renderer.obj
 0001:000133f0       ??0?$CGeometryBufferRI@VCGeometryBufferDirectX9@SpeedTree@@V?$CShaderTechniqueRI@VCShaderTechniqueDirectX9@SpeedTree@@@2@@SpeedTree@@QAE@ABV01@@Z 100143f0 f i DirectX9Renderer.obj
 0001:00013600       ??4?$CGeometryBufferRI@VCGeometryBufferDirectX9@SpeedTree@@V?$CShaderTechniqueRI@VCShaderTechniqueDirectX9@SpeedTree@@@2@@SpeedTree@@QAEAAV01@ABV01@@Z 10014600 f i DirectX9Renderer.obj
 0001:00013710       ??_F?$CGeometryBufferRI@VCGeometryBufferDirectX9@SpeedTree@@V?$CShaderTechniqueRI@VCShaderTechniqueDirectX9@SpeedTree@@@2@@SpeedTree@@QAEXXZ 10014710 f i DirectX9Renderer.obj
 0001:00013730       ??_G?$CGeometryBufferRI@VCGeometryBufferDirectX9@SpeedTree@@V?$CShaderTechniqueRI@VCShaderTechniqueDirectX9@SpeedTree@@@2@@SpeedTree@@UAEPAXI@Z 10014730 f i DirectX9Renderer.obj
 0001:00013760       ??_E?$CGeometryBufferRI@VCGeometryBufferDirectX9@SpeedTree@@V?$CShaderTechniqueRI@VCShaderTechniqueDirectX9@SpeedTree@@@2@@SpeedTree@@UAEPAXI@Z 10014760 f i DirectX9Renderer.obj
 0001:000137d0       ??_G?$CArray@USInstancesPerLod@CInstancingMgrDirectX9@SpeedTree@@$00@SpeedTree@@UAEPAXI@Z 100147d0 f i DirectX9Renderer.obj
 0001:00013820       ??_E?$CArray@USInstancesPerLod@CInstancingMgrDirectX9@SpeedTree@@$00@SpeedTree@@UAEPAXI@Z 10014820 f i DirectX9Renderer.obj
 0001:000138b0       ??_G?$CArray@V?$CGeometryBufferRI@VCGeometryBufferDirectX9@SpeedTree@@V?$CShaderTechniqueRI@VCShaderTechniqueDirectX9@SpeedTree@@@2@@SpeedTree@@$00@SpeedTree@@UAEPAXI@Z 100148b0 f i DirectX9Renderer.obj
 0001:00013900       ??_E?$CArray@V?$CGeometryBufferRI@VCGeometryBufferDirectX9@SpeedTree@@V?$CShaderTechniqueRI@VCShaderTechniqueDirectX9@SpeedTree@@@2@@SpeedTree@@$00@SpeedTree@@UAEPAXI@Z 10014900 f i DirectX9Renderer.obj
 0001:00013990       ??0CInstancingMgrDirectX9@SpeedTree@@QAE@ABV01@@Z 10014990 f i DirectX9Renderer.obj
 0001:00013a90       ??4CInstancingMgrDirectX9@SpeedTree@@QAEAAV01@ABV01@@Z 10014a90 f i DirectX9Renderer.obj
 0001:00013ae0       ??_GCInstancingMgrDirectX9@SpeedTree@@UAEPAXI@Z 10014ae0 f i DirectX9Renderer.obj
 0001:00013b10       ??_ECInstancingMgrDirectX9@SpeedTree@@UAEPAXI@Z 10014b10 f i DirectX9Renderer.obj
 0001:00013b80       ??0CTextureDirectX9@SpeedTree@@QAE@XZ 10014b80 f i DirectX9Renderer.obj
 0001:00013bc0       ??1CTextureDirectX9@SpeedTree@@UAE@XZ 10014bc0 f i DirectX9Renderer.obj
 0001:00013be0       ?IsValid@CTextureDirectX9@SpeedTree@@QBE_NXZ 10014be0 f i DirectX9Renderer.obj
 0001:00013c00       ?GetInfo@CTextureDirectX9@SpeedTree@@QBEABUSTextureInfo@2@XZ 10014c00 f i DirectX9Renderer.obj
 0001:00013c20       ?GetTextureObject@CTextureDirectX9@SpeedTree@@QBEPAUIDirect3DTexture9@@XZ 10014c20 f i DirectX9Renderer.obj
 0001:00013c40       ??4CTextureDirectX9@SpeedTree@@QAEAAV01@ABV01@@Z 10014c40 f i DirectX9Renderer.obj
 0001:00013c60       ??9CTextureDirectX9@SpeedTree@@QBE_NABV01@@Z 10014c60 f i DirectX9Renderer.obj
 0001:00013c80       ??0CShaderConstantBufferDirectX9@SpeedTree@@QAE@XZ 10014c80 f i DirectX9Renderer.obj
 0001:00013cb0       ??1CShaderConstantBufferDirectX9@SpeedTree@@QAE@XZ 10014cb0 f i DirectX9Renderer.obj
 0001:00013cd0       ?Init@CShaderConstantBufferDirectX9@SpeedTree@@QAA_NIH@Z 10014cd0 f i DirectX9Renderer.obj
 0001:00013d30       ?ReleaseGfxResources@CShaderConstantBufferDirectX9@SpeedTree@@QAAXXZ 10014d30 f i DirectX9Renderer.obj
 0001:00013d40       ?Update@CShaderConstantBufferDirectX9@SpeedTree@@QBA_NXZ 10014d40 f i DirectX9Renderer.obj
 0001:00013d90       ?Bind@CShaderConstantBufferDirectX9@SpeedTree@@QBA_NXZ 10014d90 f i DirectX9Renderer.obj
 0001:00013e60       ?SetTexture@CShaderConstantBufferDirectX9@SpeedTree@@SA_NHABV?$CTextureRI@VCTextureDirectX9@SpeedTree@@@2@_N@Z 10014e60 f i DirectX9Renderer.obj
 0001:00013ea0       ??0?$CTextureRI@VCTextureDirectX9@SpeedTree@@@SpeedTree@@QAE@ABV01@@Z 10014ea0 f i DirectX9Renderer.obj
 0001:00013f40       ?SubmitSetTexturesInBatch@CShaderConstantBufferDirectX9@SpeedTree@@SAXXZ 10014f40 f i DirectX9Renderer.obj
 0001:00013f50       ??0CVertexShader@CShaderTechniqueDirectX9@SpeedTree@@QAE@XZ 10014f50 f i DirectX9Renderer.obj
 0001:00013f70       ?Load@CVertexShader@CShaderTechniqueDirectX9@SpeedTree@@QAE_NPBDABUSAppState@3@ABUSRenderState@3@@Z 10014f70 f i DirectX9Renderer.obj
 0001:00014060       ?IsValid@CVertexShader@CShaderTechniqueDirectX9@SpeedTree@@QBE_NXZ 10015060 f i DirectX9Renderer.obj
 0001:00014080       ?ReleaseGfxResources@CVertexShader@CShaderTechniqueDirectX9@SpeedTree@@QAEXXZ 10015080 f i DirectX9Renderer.obj
 0001:000140b0       ??0CPixelShader@CShaderTechniqueDirectX9@SpeedTree@@QAE@XZ 100150b0 f i DirectX9Renderer.obj
 0001:000140d0       ?Load@CPixelShader@CShaderTechniqueDirectX9@SpeedTree@@QAE_NPBDABUSAppState@3@ABUSRenderState@3@@Z 100150d0 f i DirectX9Renderer.obj
 0001:000141b0       ?IsValid@CPixelShader@CShaderTechniqueDirectX9@SpeedTree@@QBE_NXZ 100151b0 f i DirectX9Renderer.obj
 0001:000141d0       ?ReleaseGfxResources@CPixelShader@CShaderTechniqueDirectX9@SpeedTree@@QAEXXZ 100151d0 f i DirectX9Renderer.obj
 0001:00014200       ?Link@CShaderTechniqueDirectX9@SpeedTree@@QAE_NABVCVertexShader@12@ABVCPixelShader@12@@Z 10015200 f i DirectX9Renderer.obj
 0001:00014210       ?Bind@CShaderTechniqueDirectX9@SpeedTree@@QBE_NABVCVertexShader@12@ABVCPixelShader@12@_N@Z 10015210 f i DirectX9Renderer.obj
 0001:000142e0       ?UnBind@CShaderTechniqueDirectX9@SpeedTree@@SAXXZ 100152e0 f i DirectX9Renderer.obj
 0001:00014320       ?ReleaseGfxResources@CShaderTechniqueDirectX9@SpeedTree@@QAE_NXZ 10015320 f i DirectX9Renderer.obj
 0001:00014330       ?GetCompiledShaderExtension@CShaderTechniqueDirectX9@SpeedTree@@SA?AV?$CBasicFixedString@$0BAA@@2@XZ 10015330 f i DirectX9Renderer.obj
 0001:00014370       ?GetCompiledShaderFolder@CShaderTechniqueDirectX9@SpeedTree@@SA?AV?$CBasicFixedString@$0BAA@@2@XZ 10015370 f i DirectX9Renderer.obj
 0001:000143b0       ?VertexDeclNeedsInstancingAttribs@CShaderTechniqueDirectX9@SpeedTree@@SA_NXZ 100153b0 f i DirectX9Renderer.obj
 0001:000143c0       ??0CGeometryBufferDirectX9@SpeedTree@@QAE@XZ 100153c0 f i DirectX9Renderer.obj
 0001:00014420       ??1CGeometryBufferDirectX9@SpeedTree@@UAE@XZ 10015420 f i DirectX9Renderer.obj
 0001:00014440       ?CreateVertexBuffer@CGeometryBufferDirectX9@SpeedTree@@QAE_N_NPBXII@Z 10015440 f i DirectX9Renderer.obj
 0001:00014550       ?OverwriteVertices@CGeometryBufferDirectX9@SpeedTree@@QAE_NPBXIIII@Z 10015550 f i DirectX9Renderer.obj
 0001:00014750       ?LockForWrite@CGeometryBufferDirectX9@SpeedTree@@QAEPAXI@Z 10015750 f i DirectX9Renderer.obj
 0001:000147f0       ?UnlockFromWrite@CGeometryBufferDirectX9@SpeedTree@@QBE_NXZ 100157f0 f i DirectX9Renderer.obj
 0001:00014830       ?VertexBufferIsValid@CGeometryBufferDirectX9@SpeedTree@@QBE_NXZ 10015830 f i DirectX9Renderer.obj
 0001:00014850       ?EnableFormat@CGeometryBufferDirectX9@SpeedTree@@QBE_NXZ 10015850 f i DirectX9Renderer.obj
 0001:000148b0       ?DisableFormat@CGeometryBufferDirectX9@SpeedTree@@SA_NXZ 100158b0 f i DirectX9Renderer.obj
 0001:000148c0       ?BindVertexBuffer@CGeometryBufferDirectX9@SpeedTree@@QBE_NIII@Z 100158c0 f i DirectX9Renderer.obj
 0001:00014990       ?UnBindVertexBuffer@CGeometryBufferDirectX9@SpeedTree@@SA_NI@Z 10015990 f i DirectX9Renderer.obj
 0001:000149f0       ?SetStreamFrequency@CGeometryBufferDirectX9@SpeedTree@@SA_NII@Z 100159f0 f i DirectX9Renderer.obj
 0001:00014a50       ?SetIndexFormat@CGeometryBufferDirectX9@SpeedTree@@QAE_NW4EIndexFormat@2@@Z 10015a50 f i DirectX9Renderer.obj
 0001:00014a90       ?CreateIndexBuffer@CGeometryBufferDirectX9@SpeedTree@@QAE_N_NPBXI@Z 10015a90 f i DirectX9Renderer.obj
 0001:00014bb0       ?OverwriteIndices@CGeometryBufferDirectX9@SpeedTree@@QAE_NPBXII@Z 10015bb0 f i DirectX9Renderer.obj
 0001:00014d10       ?IndexBufferIsValid@CGeometryBufferDirectX9@SpeedTree@@QBE_NXZ 10015d10 f i DirectX9Renderer.obj
 0001:00014d30       ?IndexSize@CGeometryBufferDirectX9@SpeedTree@@QBEIXZ 10015d30 f i DirectX9Renderer.obj
 0001:00014d50       ?ClearIndices@CGeometryBufferDirectX9@SpeedTree@@QAE_NXZ 10015d50 f i DirectX9Renderer.obj
 0001:00014d90       ?BindIndexBuffer@CGeometryBufferDirectX9@SpeedTree@@QBE_NXZ 10015d90 f i DirectX9Renderer.obj
 0001:00014df0       ?UnBindIndexBuffer@CGeometryBufferDirectX9@SpeedTree@@SA_NXZ 10015df0 f i DirectX9Renderer.obj
 0001:00014e40       ?ReleaseGfxResources@CGeometryBufferDirectX9@SpeedTree@@QAEXXZ 10015e40 f i DirectX9Renderer.obj
 0001:00014ed0       ?RenderIndexed@CGeometryBufferDirectX9@SpeedTree@@QBE_NW4EPrimitiveType@2@IIII@Z 10015ed0 f i DirectX9Renderer.obj
 0001:00015090       ?RenderArrays@CGeometryBufferDirectX9@SpeedTree@@QBE_NW4EPrimitiveType@2@II@Z 10016090 f i DirectX9Renderer.obj
 0001:00015210       ?IsFormatSet@CGeometryBufferDirectX9@SpeedTree@@ABE_NXZ 10016210 f i DirectX9Renderer.obj
 0001:00015230       ??0CInstancingMgrDirectX9@SpeedTree@@QAE@XZ 10016230 f i DirectX9Renderer.obj
 0001:00015300       ??1CInstancingMgrDirectX9@SpeedTree@@UAE@XZ 10016300 f i DirectX9Renderer.obj
 0001:000153b0       ?Init@CInstancingMgrDirectX9@SpeedTree@@QAE_NW4EInstanceType@SVertexDecl@2@HPBV?$CGeometryBufferRI@VCGeometryBufferDirectX9@SpeedTree@@V?$CShaderTechniqueRI@VCShaderTechniqueDirectX9@SpeedTree@@@2@@2@H@Z 100163b0 f i DirectX9Renderer.obj
 0001:00015720       ?ReleaseGfxResources@CInstancingMgrDirectX9@SpeedTree@@QAEXXZ 10016720 f i DirectX9Renderer.obj
 0001:00015830       ?Update@CInstancingMgrDirectX9@SpeedTree@@QAE_NHPBEH@Z 10016830 f i DirectX9Renderer.obj
 0001:000159c0       ?Render@CInstancingMgrDirectX9@SpeedTree@@QBE_NHHAAUSInstancedDrawStats@2@@Z 100169c0 f i DirectX9Renderer.obj
 0001:00015d00       ?LockInstanceBufferForWrite@CInstancingMgrDirectX9@SpeedTree@@QAEPAXHH@Z 10016d00 f i DirectX9Renderer.obj
 0001:00015e10       ?UnlockInstanceBufferFromWrite@CInstancingMgrDirectX9@SpeedTree@@QAE_NHH@Z 10016e10 f i DirectX9Renderer.obj
 0001:00015f30       ?NumInstances@CInstancingMgrDirectX9@SpeedTree@@QBEHH@Z 10016f30 f i DirectX9Renderer.obj
 0001:00015f90       ??0?$CShaderTechniqueRI@VCShaderTechniqueDirectX9@SpeedTree@@@SpeedTree@@QAE@ABV01@@Z 10016f90 f i DirectX9Renderer.obj
 0001:00016040       ??4?$CShaderTechniqueRI@VCShaderTechniqueDirectX9@SpeedTree@@@SpeedTree@@QAEAAV01@ABV01@@Z 10017040 f i DirectX9Renderer.obj
 0001:00016090       ??1?$CStateBlockRI@VCStateBlockDirectX9@SpeedTree@@@SpeedTree@@QAE@XZ 10017090 f i DirectX9Renderer.obj
 0001:000160d0       ??0?$CStateBlockRI@VCStateBlockDirectX9@SpeedTree@@@SpeedTree@@QAE@ABV01@@Z 100170d0 f i DirectX9Renderer.obj
 0001:00016180       ??4?$CStateBlockRI@VCStateBlockDirectX9@SpeedTree@@@SpeedTree@@QAEAAV01@ABV01@@Z 10017180 f i DirectX9Renderer.obj
 0001:000161e0       ??4?$CShaderConstantBufferRI@VCShaderConstantBufferDirectX9@SpeedTree@@V?$CTextureRI@VCTextureDirectX9@SpeedTree@@@2@@SpeedTree@@QAEAAV01@ABV01@@Z 100171e0 f i DirectX9Renderer.obj
 0001:00016210       ??4?$CShaderConstantBufferRI@V?$CShaderConstantBufferRI@VCShaderConstantBufferDirectX9@SpeedTree@@V?$CTextureRI@VCTextureDirectX9@SpeedTree@@@2@@SpeedTree@@V?$CTextureRI@VCTextureDirectX9@SpeedTree@@@2@@SpeedTree@@QAEAAV01@ABV01@@Z 10017210 f i DirectX9Renderer.obj
 0001:00016250       ??0?$SMaterialConstBuf@V?$CShaderConstantBufferRI@VCShaderConstantBufferDirectX9@SpeedTree@@V?$CTextureRI@VCTextureDirectX9@SpeedTree@@@2@@SpeedTree@@V?$CTextureRI@VCTextureDirectX9@SpeedTree@@@2@@SpeedTree@@QAE@XZ 10017250 f i DirectX9Renderer.obj
 0001:00016410       ??1?$SMaterialConstBuf@V?$CShaderConstantBufferRI@VCShaderConstantBufferDirectX9@SpeedTree@@V?$CTextureRI@VCTextureDirectX9@SpeedTree@@@2@@SpeedTree@@V?$CTextureRI@VCTextureDirectX9@SpeedTree@@@2@@SpeedTree@@QAE@XZ 10017410 f i DirectX9Renderer.obj
 0001:00016450       ??4?$SMaterialConstBuf@V?$CShaderConstantBufferRI@VCShaderConstantBufferDirectX9@SpeedTree@@V?$CTextureRI@VCTextureDirectX9@SpeedTree@@@2@@SpeedTree@@V?$CTextureRI@VCTextureDirectX9@SpeedTree@@@2@@SpeedTree@@QAEAAU01@ABU01@@Z 10017450 f i DirectX9Renderer.obj
 0001:00016480       ??0?$CRenderStateRI@V?$CStateBlockRI@VCStateBlockDirectX9@SpeedTree@@@SpeedTree@@V?$CTextureRI@VCTextureDirectX9@SpeedTree@@@2@V?$CShaderTechniqueRI@VCShaderTechniqueDirectX9@SpeedTree@@@2@V?$CShaderConstantBufferRI@VCShaderConstantBufferDirectX9@SpeedTree@@V?$CTextureRI@VCTextureDirectX9@SpeedTree@@@2@@2@@SpeedTree@@QAE@ABV01@@Z 10017480 f i DirectX9Renderer.obj
 0001:00016610       ??_G?$CRenderStateRI@V?$CStateBlockRI@VCStateBlockDirectX9@SpeedTree@@@SpeedTree@@V?$CTextureRI@VCTextureDirectX9@SpeedTree@@@2@V?$CShaderTechniqueRI@VCShaderTechniqueDirectX9@SpeedTree@@@2@V?$CShaderConstantBufferRI@VCShaderConstantBufferDirectX9@SpeedTree@@V?$CTextureRI@VCTextureDirectX9@SpeedTree@@@2@@2@@SpeedTree@@UAEPAXI@Z 10017610 f i DirectX9Renderer.obj
 0001:00016640       ??_E?$CRenderStateRI@V?$CStateBlockRI@VCStateBlockDirectX9@SpeedTree@@@SpeedTree@@V?$CTextureRI@VCTextureDirectX9@SpeedTree@@@2@V?$CShaderTechniqueRI@VCShaderTechniqueDirectX9@SpeedTree@@@2@V?$CShaderConstantBufferRI@VCShaderConstantBufferDirectX9@SpeedTree@@V?$CTextureRI@VCTextureDirectX9@SpeedTree@@@2@@2@@SpeedTree@@UAEPAXI@Z 10017640 f i DirectX9Renderer.obj
 0001:000166b0       ?Device@DX9@SpeedTree@@SAPAUIDirect3DDevice9@@XZ 100176b0 f   DirectX9Renderer.obj
 0001:000166c0       ?SetDevice@DX9@SpeedTree@@SAXPAUIDirect3DDevice9@@@Z 100176c0 f   DirectX9Renderer.obj
 0001:000166d0       ??0?$CPaddedPtr@$$CBD@SpeedTree@@QAE@PBD@Z 100176d0 f i DirectX9Renderer.obj
 0001:00016700       ??1?$CPaddedPtr@$$CBD@SpeedTree@@QAE@XZ 10017700 f i DirectX9Renderer.obj
 0001:00016710       ??B?$CPaddedPtr@$$CBD@SpeedTree@@QBEPBDXZ 10017710 f i DirectX9Renderer.obj
 0001:00016720       ??4?$CPaddedPtr@$$CBD@SpeedTree@@QAEPBDPBD@Z 10017720 f i DirectX9Renderer.obj
 0001:00016740       ??0?$CPaddedPtr@USRenderState@SpeedTree@@@SpeedTree@@QAE@PAUSRenderState@1@@Z 10017740 f i DirectX9Renderer.obj
 0001:00016770       ??1?$CPaddedPtr@USRenderState@SpeedTree@@@SpeedTree@@QAE@XZ 10017770 f i DirectX9Renderer.obj
 0001:00016780       ??C?$CPaddedPtr@USRenderState@SpeedTree@@@SpeedTree@@QAEPAUSRenderState@1@XZ 10017780 f i DirectX9Renderer.obj
 0001:00016790       ??C?$CPaddedPtr@USRenderState@SpeedTree@@@SpeedTree@@QBEPBUSRenderState@1@XZ 10017790 f i DirectX9Renderer.obj
[...]
 0001:0002b170       __unwindfunclet$?SetExternalMemory@?$CArray@VCCell@SpeedTree@@$00@SpeedTree@@QAEXPAEI@Z$0 1002c170 f   DirectX9Renderer.obj
 0001:0002b18d       __ehhandler$?SetExternalMemory@?$CArray@VCCell@SpeedTree@@$00@SpeedTree@@QAEXPAEI@Z 1002c18d f   DirectX9Renderer.obj
 0001:0002b1b0       __unwindfunclet$??0CCell@SpeedTree@@QAE@XZ$0 1002c1b0 f   DirectX9Renderer.obj
 0001:0002b1b8       __ehhandler$??0CCell@SpeedTree@@QAE@XZ 1002c1b8 f   DirectX9Renderer.obj
 0001:0002b1e0       __unwindfunclet$??1CCell@SpeedTree@@QAE@XZ$0 1002c1e0 f   DirectX9Renderer.obj
 0001:0002b1e8       __unwindfunclet$??1CCell@SpeedTree@@QAE@XZ$1 1002c1e8 f   DirectX9Renderer.obj
 0001:0002b1f3       __unwindfunclet$??1CCell@SpeedTree@@QAE@XZ$2 1002c1f3 f   DirectX9Renderer.obj
 0001:0002b1fe       __unwindfunclet$??1CCell@SpeedTree@@QAE@XZ$5 1002c1fe f   DirectX9Renderer.obj
 0001:0002b209       __ehhandler$??1CCell@SpeedTree@@QAE@XZ 1002c209 f   DirectX9Renderer.obj
 0001:0002b230       __unwindfunclet$?Allocate@?$CArray@VCCell@SpeedTree@@$00@SpeedTree@@IAEPAVCCell@2@I@Z$0 1002c230 f   DirectX9Renderer.obj
 0001:0002b23b       __ehhandler$?Allocate@?$CArray@VCCell@SpeedTree@@$00@SpeedTree@@IAEPAVCCell@2@I@Z 1002c23b f   DirectX9Renderer.obj
 0001:0002b260       __unwindfunclet$?Grow@?$CCellHeapMgr@VCCell@SpeedTree@@@SpeedTree@@AAEXXZ$0 1002c260 f   DirectX9Renderer.obj
 0001:0002b271       __ehhandler$?Grow@?$CCellHeapMgr@VCCell@SpeedTree@@@SpeedTree@@AAEXXZ 1002c271 f   DirectX9Renderer.obj
 0001:0002b290       __unwindfunclet$?SetExternalMemory@?$CArray@USDetailedCullData@SpeedTree@@$00@SpeedTree@@QAEXPAEI@Z$0 1002c290 f   DirectX9Renderer.obj
 0001:0002b2aa       __ehhandler$?SetExternalMemory@?$CArray@USDetailedCullData@SpeedTree@@$00@SpeedTree@@QAEXPAEI@Z 1002c2aa f   DirectX9Renderer.obj
 0001:0002b2d0       __unwindfunclet$?Allocate@?$CArray@USDetailedCullData@SpeedTree@@$00@SpeedTree@@IAEPAUSDetailedCullData@2@I@Z$0 1002c2d0 f   DirectX9Renderer.obj
 0001:0002b2db       __ehhandler$?Allocate@?$CArray@USDetailedCullData@SpeedTree@@$00@SpeedTree@@IAEPAUSDetailedCullData@2@I@Z 1002c2db f   DirectX9Renderer.obj
 0001:0002b300       __unwindfunclet$?SetExternalMemory@?$CArray@V?$CBasicFixedString@$0BAA@@SpeedTree@@$00@SpeedTree@@QAEXPAEI@Z$0 1002c300 f   DirectX9Renderer.obj
 0001:0002b31d       __ehhandler$?SetExternalMemory@?$CArray@V?$CBasicFixedString@$0BAA@@SpeedTree@@$00@SpeedTree@@QAEXPAEI@Z 1002c31d f   DirectX9Renderer.obj
 0001:0002b340       __unwindfunclet$?SetExternalMemory@?$CArray@USObjectStats@CRenderStats@SpeedTree@@$00@SpeedTree@@QAEXPAEI@Z$0 1002c340 f   DirectX9Renderer.obj
 0001:0002b35d       __ehhandler$?SetExternalMemory@?$CArray@USObjectStats@CRenderStats@SpeedTree@@$00@SpeedTree@@QAEXPAEI@Z 1002c35d f   DirectX9Renderer.obj
 0001:0002b380       __unwindfunclet$?Allocate@?$CArray@USObjectStats@CRenderStats@SpeedTree@@$00@SpeedTree@@IAEPAUSObjectStats@CRenderStats@2@I@Z$0 1002c380 f   DirectX9Renderer.obj
 0001:0002b38b       __ehhandler$?Allocate@?$CArray@USObjectStats@CRenderStats@SpeedTree@@$00@SpeedTree@@IAEPAUSObjectStats@CRenderStats@2@I@Z 1002c38b f   DirectX9Renderer.obj
 0001:0002b3b0       __unwindfunclet$?Allocate@?$CMap@USRowCol@SpeedTree@@VCTerrainCell@2@V?$CLess@USRowCol@SpeedTree@@@2@$00@SpeedTree@@IAEPAXABUSRowCol@2@PAX@Z$0 1002c3b0 f   DirectX9Renderer.obj
 0001:0002b3c1       __ehhandler$?Allocate@?$CMap@USRowCol@SpeedTree@@VCTerrainCell@2@V?$CLess@USRowCol@SpeedTree@@@2@$00@SpeedTree@@IAEPAXABUSRowCol@2@PAX@Z 1002c3c1 f   DirectX9Renderer.obj
 0001:0002b3e0       __unwindfunclet$?SetExternalMemory@?$CArray@USInstancesPerLod@CInstancingMgrDirectX9@SpeedTree@@$00@SpeedTree@@QAEXPAEI@Z$0 1002c3e0 f   DirectX9Renderer.obj
 0001:0002b3fd       __ehhandler$?SetExternalMemory@?$CArray@USInstancesPerLod@CInstancingMgrDirectX9@SpeedTree@@$00@SpeedTree@@QAEXPAEI@Z 1002c3fd f   DirectX9Renderer.obj
 0001:0002b420       __unwindfunclet$?Allocate@?$CArray@USInstancesPerLod@CInstancingMgrDirectX9@SpeedTree@@$00@SpeedTree@@IAEPAUSInstancesPerLod@CInstancingMgrDirectX9@2@I@Z$0 1002c420 f   DirectX9Renderer.obj
 0001:0002b42b       __ehhandler$?Allocate@?$CArray@USInstancesPerLod@CInstancingMgrDirectX9@SpeedTree@@$00@SpeedTree@@IAEPAUSInstancesPerLod@CInstancingMgrDirectX9@2@I@Z 1002c42b f   DirectX9Renderer.obj
 0001:0002b450       __unwindfunclet$?SetExternalMemory@?$CArray@V?$CGeometryBufferRI@VCGeometryBufferDirectX9@SpeedTree@@V?$CShaderTechniqueRI@VCShaderTechniqueDirectX9@SpeedTree@@@2@@SpeedTree@@$00@SpeedTree@@QAEXPAEI@Z$0 1002c450 f   DirectX9Renderer.obj
 0001:0002b46d       __ehhandler$?SetExternalMemory@?$CArray@V?$CGeometryBufferRI@VCGeometryBufferDirectX9@SpeedTree@@V?$CShaderTechniqueRI@VCShaderTechniqueDirectX9@SpeedTree@@@2@@SpeedTree@@$00@SpeedTree@@QAEXPAEI@Z 1002c46d f   DirectX9Renderer.obj
 0001:0002b490       __unwindfunclet$?Allocate@?$CArray@V?$CGeometryBufferRI@VCGeometryBufferDirectX9@SpeedTree@@V?$CShaderTechniqueRI@VCShaderTechniqueDirectX9@SpeedTree@@@2@@SpeedTree@@$00@SpeedTree@@IAEPAV?$CGeometryBufferRI@VCGeometryBufferDirectX9@SpeedTree@@V?$CShaderTechniqueRI@VCShaderTechniqueDirectX9@SpeedTree@@@2@@2@I@Z$0 1002c490 f   DirectX9Renderer.obj
 0001:0002b49b       __ehhandler$?Allocate@?$CArray@V?$CGeometryBufferRI@VCGeometryBufferDirectX9@SpeedTree@@V?$CShaderTechniqueRI@VCShaderTechniqueDirectX9@SpeedTree@@@2@@SpeedTree@@$00@SpeedTree@@IAEPAV?$CGeometryBufferRI@VCGeometryBufferDirectX9@SpeedTree@@V?$CShaderTechniqueRI@VCShaderTechniqueDirectX9@SpeedTree@@@2@@2@I@Z 1002c49b f   DirectX9Renderer.obj
 0001:0002b4c0       __unwindfunclet$?Allocate@?$CArray@USInstance@SpeedTree@@$00@SpeedTree@@IAEPAUSInstance@2@I@Z$0 1002c4c0 f   DirectX9Renderer.obj
 0001:0002b4cb       __ehhandler$?Allocate@?$CArray@USInstance@SpeedTree@@$00@SpeedTree@@IAEPAUSInstance@2@I@Z 1002c4cb f   DirectX9Renderer.obj
 0001:0002b4f0       __unwindfunclet$??$st_new_array@VCCell@SpeedTree@@@SpeedTree@@YAPAVCCell@0@IPBDW4EAllocationType@0@@Z$0 1002c4f0 f   DirectX9Renderer.obj
 0001:0002b50a       __ehhandler$??$st_new_array@VCCell@SpeedTree@@@SpeedTree@@YAPAVCCell@0@IPBDW4EAllocationType@0@@Z 1002c50a f   DirectX9Renderer.obj
 0001:0002b530       __unwindfunclet$??$st_new_array@USDetailedCullData@SpeedTree@@@SpeedTree@@YAPAUSDetailedCullData@0@IPBDW4EAllocationType@0@@Z$0 1002c530 f   DirectX9Renderer.obj
 0001:0002b547       __ehhandler$??$st_new_array@USDetailedCullData@SpeedTree@@@SpeedTree@@YAPAUSDetailedCullData@0@IPBDW4EAllocationType@0@@Z 1002c547 f   DirectX9Renderer.obj
 0001:0002b570       __unwindfunclet$?Allocate@?$CArray@V?$CBasicFixedString@$0BAA@@SpeedTree@@$00@SpeedTree@@IAEPAV?$CBasicFixedString@$0BAA@@2@I@Z$0 1002c570 f   DirectX9Renderer.obj
 0001:0002b57b       __ehhandler$?Allocate@?$CArray@V?$CBasicFixedString@$0BAA@@SpeedTree@@$00@SpeedTree@@IAEPAV?$CBasicFixedString@$0BAA@@2@I@Z 1002c57b f   DirectX9Renderer.obj
 0001:0002b5a0       __unwindfunclet$??$st_new_array@USObjectStats@CRenderStats@SpeedTree@@@SpeedTree@@YAPAUSObjectStats@CRenderStats@0@IPBDW4EAllocationType@0@@Z$0 1002c5a0 f   DirectX9Renderer.obj
 0001:0002b5ba       __ehhandler$??$st_new_array@USObjectStats@CRenderStats@SpeedTree@@@SpeedTree@@YAPAUSObjectStats@CRenderStats@0@IPBDW4EAllocationType@0@@Z 1002c5ba f   DirectX9Renderer.obj
 0001:0002b5e0       __unwindfunclet$??$st_new_array@USInstancesPerLod@CInstancingMgrDirectX9@SpeedTree@@@SpeedTree@@YAPAUSInstancesPerLod@CInstancingMgrDirectX9@0@IPBDW4EAllocationType@0@@Z$0 1002c5e0 f   DirectX9Renderer.obj
 0001:0002b5fa       __ehhandler$??$st_new_array@USInstancesPerLod@CInstancingMgrDirectX9@SpeedTree@@@SpeedTree@@YAPAUSInstancesPerLod@CInstancingMgrDirectX9@0@IPBDW4EAllocationType@0@@Z 1002c5fa f   DirectX9Renderer.obj
 0001:0002b620       __unwindfunclet$??$st_new_array@V?$CGeometryBufferRI@VCGeometryBufferDirectX9@SpeedTree@@V?$CShaderTechniqueRI@VCShaderTechniqueDirectX9@SpeedTree@@@2@@SpeedTree@@@SpeedTree@@YAPAV?$CGeometryBufferRI@VCGeometryBufferDirectX9@SpeedTree@@V?$CShaderTechniqueRI@VCShaderTechniqueDirectX9@SpeedTree@@@2@@0@IPBDW4EAllocationType@0@@Z$0 1002c620 f   DirectX9Renderer.obj
 0001:0002b63a       __ehhandler$??$st_new_array@V?$CGeometryBufferRI@VCGeometryBufferDirectX9@SpeedTree@@V?$CShaderTechniqueRI@VCShaderTechniqueDirectX9@SpeedTree@@@2@@SpeedTree@@@SpeedTree@@YAPAV?$CGeometryBufferRI@VCGeometryBufferDirectX9@SpeedTree@@V?$CShaderTechniqueRI@VCShaderTechniqueDirectX9@SpeedTree@@@2@@0@IPBDW4EAllocationType@0@@Z 1002c63a f   DirectX9Renderer.obj
 0001:0002b660       __unwindfunclet$??$st_new_array@USInstance@SpeedTree@@@SpeedTree@@YAPAUSInstance@0@IPBDW4EAllocationType@0@@Z$0 1002c660 f   DirectX9Renderer.obj
 0001:0002b677       __ehhandler$??$st_new_array@USInstance@SpeedTree@@@SpeedTree@@YAPAUSInstance@0@IPBDW4EAllocationType@0@@Z 1002c677 f   DirectX9Renderer.obj
 0001:0002b6a0       __unwindfunclet$??$st_new_array@V?$CBasicFixedString@$0BAA@@SpeedTree@@@SpeedTree@@YAPAV?$CBasicFixedString@$0BAA@@0@IPBDW4EAllocationType@0@@Z$0 1002c6a0 f   DirectX9Renderer.obj
 0001:0002b6ba       __ehhandler$??$st_new_array@V?$CBasicFixedString@$0BAA@@SpeedTree@@@SpeedTree@@YAPAV?$CBasicFixedString@$0BAA@@0@IPBDW4EAllocationType@0@@Z 1002c6ba f   DirectX9Renderer.obj
 0001:0002b6e0       __unwindfunclet$??__E?m_atLastBoundTextures@?$CRenderStateRI@V?$CStateBlockRI@VCStateBlockDirectX9@SpeedTree@@@SpeedTree@@V?$CTextureRI@VCTextureDirectX9@SpeedTree@@@2@V?$CShaderTechniqueRI@VCShaderTechniqueDirectX9@SpeedTree@@@2@V?$CShaderConstantBufferRI@VCShaderConstantBufferDirectX9@SpeedTree@@V?$CTextureRI@VCTextureDirectX9@SpeedTree@@@2@@2@@SpeedTree@@0PAV?$CTextureRI@VCTextureDirectX9@SpeedTree@@@2@A@@YAXXZ$0 1002c6e0 f   DirectX9Renderer.obj
 0001:0002b6ea       __ehhandler$??__E?m_atLastBoundTextures@?$CRenderStateRI@V?$CStateBlockRI@VCStateBlockDirectX9@SpeedTree@@@SpeedTree@@V?$CTextureRI@VCTextureDirectX9@SpeedTree@@@2@V?$CShaderTechniqueRI@VCShaderTechniqueDirectX9@SpeedTree@@@2@V?$CShaderConstantBufferRI@VCShaderConstantBufferDirectX9@SpeedTree@@V?$CTextureRI@VCTextureDirectX9@SpeedTree@@@2@@2@@SpeedTree@@0PAV?$CTextureRI@VCTextureDirectX9@SpeedTree@@@2@A@@YAXXZ 1002c6ea f   DirectX9Renderer.obj
 0001:0002b710       __unwindfunclet$??__E?m_atFallbackTextures@?$CRenderStateRI@V?$CStateBlockRI@VCStateBlockDirectX9@SpeedTree@@@SpeedTree@@V?$CTextureRI@VCTextureDirectX9@SpeedTree@@@2@V?$CShaderTechniqueRI@VCShaderTechniqueDirectX9@SpeedTree@@@2@V?$CShaderConstantBufferRI@VCShaderConstantBufferDirectX9@SpeedTree@@V?$CTextureRI@VCTextureDirectX9@SpeedTree@@@2@@2@@SpeedTree@@0PAV?$CTextureRI@VCTextureDirectX9@SpeedTree@@@2@A@@YAXXZ$0 1002c710 f   DirectX9Renderer.obj
 0001:0002b71a       __ehhandler$??__E?m_atFallbackTextures@?$CRenderStateRI@V?$CStateBlockRI@VCStateBlockDirectX9@SpeedTree@@@SpeedTree@@V?$CTextureRI@VCTextureDirectX9@SpeedTree@@@2@V?$CShaderTechniqueRI@VCShaderTechniqueDirectX9@SpeedTree@@@2@V?$CShaderConstantBufferRI@VCShaderConstantBufferDirectX9@SpeedTree@@V?$CTextureRI@VCTextureDirectX9@SpeedTree@@@2@@2@@SpeedTree@@0PAV?$CTextureRI@VCTextureDirectX9@SpeedTree@@@2@A@@YAXXZ 1002c71a f   DirectX9Renderer.obj
 0001:0002b740       __unwindfunclet$?SetVertexDecl@CGeometryBufferDirectX9@SpeedTree@@QAE_NABUSVertexDecl@2@PBV?$CShaderTechniqueRI@VCShaderTechniqueDirectX9@SpeedTree@@@2@0@Z$0 1002c740 f   GeometryBuffer.obj
 0001:0002b748       __ehhandler$?SetVertexDecl@CGeometryBufferDirectX9@SpeedTree@@QAE_NABUSVertexDecl@2@PBV?$CShaderTechniqueRI@VCShaderTechniqueDirectX9@SpeedTree@@@2@0@Z 1002c748 f   GeometryBuffer.obj
 0001:0002b770       __unwindfunclet$??0?$CStaticArray@U_D3DVERTEXELEMENT9@@@SpeedTree@@QAE@IPBD_N@Z$0 1002c770 f   GeometryBuffer.obj
 0001:0002b778       __ehhandler$??0?$CStaticArray@U_D3DVERTEXELEMENT9@@@SpeedTree@@QAE@IPBD_N@Z 1002c778 f   GeometryBuffer.obj
 0001:0002b7a0       __unwindfunclet$??1?$CStaticArray@U_D3DVERTEXELEMENT9@@@SpeedTree@@UAE@XZ$0 1002c7a0 f   GeometryBuffer.obj
 0001:0002b7a8       __ehhandler$??1?$CStaticArray@U_D3DVERTEXELEMENT9@@@SpeedTree@@UAE@XZ 1002c7a8 f   GeometryBuffer.obj
 0001:0002b7d0       __unwindfunclet$??0CPerlinNoiseKernel@SpeedTree@@QAE@H@Z$0 1002c7d0 f   Texture.obj
 0001:0002b7de       __unwindfunclet$??0CPerlinNoiseKernel@SpeedTree@@QAE@H@Z$1 1002c7de f   Texture.obj
 0001:0002b7e9       __ehhandler$??0CPerlinNoiseKernel@SpeedTree@@QAE@H@Z 1002c7e9 f   Texture.obj
 0001:0002b810       __unwindfunclet$?Load@CTextureDirectX9@SpeedTree@@QAE_NPBDH@Z$0 1002c810 f   Texture.obj
 0001:0002b81b       __ehhandler$?Load@CTextureDirectX9@SpeedTree@@QAE_NPBDH@Z 1002c81b f   Texture.obj
 0001:0002b850       __unwindfunclet$?LoadNoise@CTextureDirectX9@SpeedTree@@QAE_NHHMM@Z$0 1002c850 f   Texture.obj
 0001:0002b85b       __ehhandler$?LoadNoise@CTextureDirectX9@SpeedTree@@QAE_NHHMM@Z 1002c85b f   Texture.obj
 0001:0002b880       __unwindfunclet$?LoadPerlinNoiseKernel@CTextureDirectX9@SpeedTree@@QAE_NHHH@Z$0 1002c880 f   Texture.obj
 0001:0002b888       __ehhandler$?LoadPerlinNoiseKernel@CTextureDirectX9@SpeedTree@@QAE_NHHH@Z 1002c888 f   Texture.obj
 0001:0002b8b0       ??__Ec_chFolderSeparator@SpeedTree@@YAXXZ 1002c8b0 f   DirectX9Renderer.obj
 0001:0002b8d0       ??__Ec_vRHCS_Yup_Out@SpeedTree@@YAXXZ 1002c8d0 f   DirectX9Renderer.obj
 0001:0002b900       ??__Ec_vRHCS_Yup_Right@SpeedTree@@YAXXZ 1002c900 f   DirectX9Renderer.obj
 0001:0002b920       ??__Ec_vRHCS_Yup_Up@SpeedTree@@YAXXZ 1002c920 f   DirectX9Renderer.obj
 0001:0002b940       ??__Ec_vLHCS_Yup_Out@SpeedTree@@YAXXZ 1002c940 f   DirectX9Renderer.obj
 0001:0002b960       ??__Ec_vLHCS_Yup_Right@SpeedTree@@YAXXZ 1002c960 f   DirectX9Renderer.obj
 0001:0002b980       ??__Ec_vLHCS_Yup_Up@SpeedTree@@YAXXZ 1002c980 f   DirectX9Renderer.obj
 0001:0002b9a0       ??__Ec_vLHCS_Zup_Out@SpeedTree@@YAXXZ 1002c9a0 f   DirectX9Renderer.obj
 0001:0002b9d0       ??__Ec_vLHCS_Zup_Right@SpeedTree@@YAXXZ 1002c9d0 f   DirectX9Renderer.obj
 0001:0002b9f0       ??__Ec_vLHCS_Zup_Up@SpeedTree@@YAXXZ 1002c9f0 f   DirectX9Renderer.obj
 0001:0002ba10       ??__Ec_asInstanceStreamDesc@SpeedTree@@YAXXZ 1002ca10 f   DirectX9Renderer.obj
 0001:0002bb70       ??__E?m_atLastBoundTextures@?$CRenderStateRI@V?$CStateBlockRI@VCStateBlockDirectX9@SpeedTree@@@SpeedTree@@V?$CTextureRI@VCTextureDirectX9@SpeedTree@@@2@V?$CShaderTechniqueRI@VCShaderTechniqueDirectX9@SpeedTree@@@2@V?$CShaderConstantBufferRI@VCShaderConstantBufferDirectX9@SpeedTree@@V?$CTextureRI@VCTextureDirectX9@SpeedTree@@@2@@2@@SpeedTree@@0PAV?$CTextureRI@VCTextureDirectX9@SpeedTree@@@2@A@@YAXXZ 1002cb70 f   DirectX9Renderer.obj
 0001:0002bbf0       ??__E?m_atFallbackTextures@?$CRenderStateRI@V?$CStateBlockRI@VCStateBlockDirectX9@SpeedTree@@@SpeedTree@@V?$CTextureRI@VCTextureDirectX9@SpeedTree@@@2@V?$CShaderTechniqueRI@VCShaderTechniqueDirectX9@SpeedTree@@@2@V?$CShaderConstantBufferRI@VCShaderConstantBufferDirectX9@SpeedTree@@V?$CTextureRI@VCTextureDirectX9@SpeedTree@@@2@@2@@SpeedTree@@0PAV?$CTextureRI@VCTextureDirectX9@SpeedTree@@@2@A@@YAXXZ 1002cbf0 f   DirectX9Renderer.obj
 0001:0002bc70       ??__E?m_sPreviouslyActiveViewport@CRenderTargetDirectX9@SpeedTree@@0U_D3DVIEWPORT9@@A@@YAXXZ 1002cc70 f   DirectX9Renderer.obj
 0001:0002bcd0       ??__Ec_chFolderSeparator@SpeedTree@@YAXXZ 1002ccd0 f   GeometryBuffer.obj
 0001:0002bcf0       ??__Ec_vRHCS_Yup_Out@SpeedTree@@YAXXZ 1002ccf0 f   GeometryBuffer.obj
 0001:0002bd20       ??__Ec_vRHCS_Yup_Right@SpeedTree@@YAXXZ 1002cd20 f   GeometryBuffer.obj
 0001:0002bd40       ??__Ec_vRHCS_Yup_Up@SpeedTree@@YAXXZ 1002cd40 f   GeometryBuffer.obj
 0001:0002bd60       ??__Ec_vLHCS_Yup_Out@SpeedTree@@YAXXZ 1002cd60 f   GeometryBuffer.obj
 0001:0002bd80       ??__Ec_vLHCS_Yup_Right@SpeedTree@@YAXXZ 1002cd80 f   GeometryBuffer.obj
 0001:0002bda0       ??__Ec_vLHCS_Yup_Up@SpeedTree@@YAXXZ 1002cda0 f   GeometryBuffer.obj
 0001:0002bdc0       ??__Ec_vLHCS_Zup_Out@SpeedTree@@YAXXZ 1002cdc0 f   GeometryBuffer.obj
 0001:0002bdf0       ??__Ec_vLHCS_Zup_Right@SpeedTree@@YAXXZ 1002cdf0 f   GeometryBuffer.obj
 0001:0002be10       ??__Ec_vLHCS_Zup_Up@SpeedTree@@YAXXZ 1002ce10 f   GeometryBuffer.obj
 0001:0002be30       ??__Ec_asInstanceStreamDesc@SpeedTree@@YAXXZ 1002ce30 f   GeometryBuffer.obj
 0001:0002bf90       ??__Ec_chFolderSeparator@SpeedTree@@YAXXZ 1002cf90 f   RenderTarget.obj
 0001:0002bfb0       ??__Ec_vRHCS_Yup_Out@SpeedTree@@YAXXZ 1002cfb0 f   RenderTarget.obj
 0001:0002bfe0       ??__Ec_vRHCS_Yup_Right@SpeedTree@@YAXXZ 1002cfe0 f   RenderTarget.obj
 0001:0002c000       ??__Ec_vRHCS_Yup_Up@SpeedTree@@YAXXZ 1002d000 f   RenderTarget.obj
 0001:0002c020       ??__Ec_vLHCS_Yup_Out@SpeedTree@@YAXXZ 1002d020 f   RenderTarget.obj
 0001:0002c040       ??__Ec_vLHCS_Yup_Right@SpeedTree@@YAXXZ 1002d040 f   RenderTarget.obj
 0001:0002c060       ??__Ec_vLHCS_Yup_Up@SpeedTree@@YAXXZ 1002d060 f   RenderTarget.obj
 0001:0002c080       ??__Ec_vLHCS_Zup_Out@SpeedTree@@YAXXZ 1002d080 f   RenderTarget.obj
 0001:0002c0b0       ??__Ec_vLHCS_Zup_Right@SpeedTree@@YAXXZ 1002d0b0 f   RenderTarget.obj
 0001:0002c0d0       ??__Ec_vLHCS_Zup_Up@SpeedTree@@YAXXZ 1002d0d0 f   RenderTarget.obj
 0001:0002c0f0       ??__Ec_asInstanceStreamDesc@SpeedTree@@YAXXZ 1002d0f0 f   RenderTarget.obj
 0001:0002c250       ??__Ec_chFolderSeparator@SpeedTree@@YAXXZ 1002d250 f   StateBlock.obj
 0001:0002c270       ??__Ec_vRHCS_Yup_Out@SpeedTree@@YAXXZ 1002d270 f   StateBlock.obj
 0001:0002c2a0       ??__Ec_vRHCS_Yup_Right@SpeedTree@@YAXXZ 1002d2a0 f   StateBlock.obj
 0001:0002c2c0       ??__Ec_vRHCS_Yup_Up@SpeedTree@@YAXXZ 1002d2c0 f   StateBlock.obj
 0001:0002c2e0       ??__Ec_vLHCS_Yup_Out@SpeedTree@@YAXXZ 1002d2e0 f   StateBlock.obj
 0001:0002c300       ??__Ec_vLHCS_Yup_Right@SpeedTree@@YAXXZ 1002d300 f   StateBlock.obj
 0001:0002c320       ??__Ec_vLHCS_Yup_Up@SpeedTree@@YAXXZ 1002d320 f   StateBlock.obj
 0001:0002c340       ??__Ec_vLHCS_Zup_Out@SpeedTree@@YAXXZ 1002d340 f   StateBlock.obj
 0001:0002c370       ??__Ec_vLHCS_Zup_Right@SpeedTree@@YAXXZ 1002d370 f   StateBlock.obj
 0001:0002c390       ??__Ec_vLHCS_Zup_Up@SpeedTree@@YAXXZ 1002d390 f   StateBlock.obj
 0001:0002c3b0       ??__Ec_asInstanceStreamDesc@SpeedTree@@YAXXZ 1002d3b0 f   StateBlock.obj
 0001:0002c510       ??__Ec_chFolderSeparator@SpeedTree@@YAXXZ 1002d510 f   Texture.obj
 0001:0002c530       ??__Ec_vRHCS_Yup_Out@SpeedTree@@YAXXZ 1002d530 f   Texture.obj
 0001:0002c560       ??__Ec_vRHCS_Yup_Right@SpeedTree@@YAXXZ 1002d560 f   Texture.obj
 0001:0002c580       ??__Ec_vRHCS_Yup_Up@SpeedTree@@YAXXZ 1002d580 f   Texture.obj
 0001:0002c5a0       ??__Ec_vLHCS_Yup_Out@SpeedTree@@YAXXZ 1002d5a0 f   Texture.obj
 0001:0002c5c0       ??__Ec_vLHCS_Yup_Right@SpeedTree@@YAXXZ 1002d5c0 f   Texture.obj
 0001:0002c5e0       ??__Ec_vLHCS_Yup_Up@SpeedTree@@YAXXZ 1002d5e0 f   Texture.obj
 0001:0002c600       ??__Ec_vLHCS_Zup_Out@SpeedTree@@YAXXZ 1002d600 f   Texture.obj
 0001:0002c630       ??__Ec_vLHCS_Zup_Right@SpeedTree@@YAXXZ 1002d630 f   Texture.obj
 0001:0002c650       ??__Ec_vLHCS_Zup_Up@SpeedTree@@YAXXZ 1002d650 f   Texture.obj
 0001:0002c670       ??__Ec_asInstanceStreamDesc@SpeedTree@@YAXXZ 1002d670 f   Texture.obj
 0001:0002c7d0       ??__F?m_atLastBoundTextures@?$CRenderStateRI@V?$CStateBlockRI@VCStateBlockDirectX9@SpeedTree@@@SpeedTree@@V?$CTextureRI@VCTextureDirectX9@SpeedTree@@@2@V?$CShaderTechniqueRI@VCShaderTechniqueDirectX9@SpeedTree@@@2@V?$CShaderConstantBufferRI@VCShaderConstantBufferDirectX9@SpeedTree@@V?$CTextureRI@VCTextureDirectX9@SpeedTree@@@2@@2@@SpeedTree@@0PAV?$CTextureRI@VCTextureDirectX9@SpeedTree@@@2@A@@YAXXZ 1002d7d0 f   DirectX9Renderer.obj
 0001:0002c7f0       ??__F?m_atFallbackTextures@?$CRenderStateRI@V?$CStateBlockRI@VCStateBlockDirectX9@SpeedTree@@@SpeedTree@@V?$CTextureRI@VCTextureDirectX9@SpeedTree@@@2@V?$CShaderTechniqueRI@VCShaderTechniqueDirectX9@SpeedTree@@@2@V?$CShaderConstantBufferRI@VCShaderConstantBufferDirectX9@SpeedTree@@V?$CTextureRI@VCTextureDirectX9@SpeedTree@@@2@@2@@SpeedTree@@0PAV?$CTextureRI@VCTextureDirectX9@SpeedTree@@@2@A@@YAXXZ 1002d7f0 f   DirectX9Renderer.obj
